Information: Changed wire load model for 'im2col_addr_gen' from 'enG500K' to 'enG200K'. (OPT-170)
 
****************************************
Report : area
Design : seq_chain_top
Version: S-2021.06-SP2
Date   : Wed Sep 23 05:12:35 2026
****************************************

Information: Changed wire load model for 'DW01_cmp2_width20' from '(none)' to 'G5K'. (OPT-170)
Information: Changed wire load model for '*GEQ_UNS_OP_20_17_1' from '(none)' to 'G5K'. (OPT-170)
Information: Changed wire load model for 'DW01_cmp2_width20' from '(none)' to 'G5K'. (OPT-170)
Information: Changed wire load model for '*LT_UNS_OP_20_17_1' from '(none)' to 'G5K'. (OPT-170)
Information: Changed wire load model for 'DW01_cmp2_width20' from '(none)' to 'G5K'. (OPT-170)
Information: Changed wire load model for '*GEQ_UNS_OP_20_17_1' from '(none)' to 'G5K'. (OPT-170)
Information: Changed wire load model for 'DW01_cmp2_width20' from '(none)' to 'G5K'. (OPT-170)
Information: Changed wire load model for '*LT_UNS_OP_20_17_1' from '(none)' to 'G5K'. (OPT-170)
Information: Changed wire load model for 'DW01_cmp2_width20' from '(none)' to 'G5K'. (OPT-170)
Information: Changed wire load model for '*GEQ_UNS_OP_20_17_1' from '(none)' to 'G5K'. (OPT-170)
Information: Changed wire load model for 'DW01_cmp2_width20' from '(none)' to 'G5K'. (OPT-170)
Information: Changed wire load model for '*LT_UNS_OP_20_17_1' from '(none)' to 'G5K'. (OPT-170)
Information: Changed wire load model for 'DW01_cmp2_width20' from '(none)' to 'G5K'. (OPT-170)
Information: Changed wire load model for '*GEQ_UNS_OP_20_17_1' from '(none)' to 'G5K'. (OPT-170)
Information: Changed wire load model for 'DW01_cmp2_width20' from '(none)' to 'G5K'. (OPT-170)
Information: Changed wire load model for '*LT_UNS_OP_20_17_1' from '(none)' to 'G5K'. (OPT-170)
Information: Changed wire load model for 'DW01_cmp2_width20' from '(none)' to 'G5K'. (OPT-170)
Information: Changed wire load model for '*GEQ_UNS_OP_20_17_1' from '(none)' to 'G5K'. (OPT-170)
Information: Changed wire load model for 'DW01_cmp2_width20' from '(none)' to 'G5K'. (OPT-170)
Information: Changed wire load model for '*LT_UNS_OP_20_17_1' from '(none)' to 'G5K'. (OPT-170)
Information: Changed wire load model for 'DW01_cmp2_width20' from '(none)' to 'G5K'. (OPT-170)
Information: Changed wire load model for '*GEQ_UNS_OP_20_17_1' from '(none)' to 'G5K'. (OPT-170)
Information: Changed wire load model for 'DW01_cmp2_width20' from '(none)' to 'G5K'. (OPT-170)
Information: Changed wire load model for '*LT_UNS_OP_20_17_1' from '(none)' to 'G5K'. (OPT-170)
Information: Changed wire load model for 'DW01_cmp2_width20' from '(none)' to 'G5K'. (OPT-170)
Information: Changed wire load model for '*GEQ_UNS_OP_20_17_1' from '(none)' to 'G5K'. (OPT-170)
Information: Changed wire load model for 'DW01_cmp2_width20' from '(none)' to 'G5K'. (OPT-170)
Information: Changed wire load model for '*LT_UNS_OP_20_17_1' from '(none)' to 'G5K'. (OPT-170)
Information: Changed wire load model for 'DW01_cmp2_width20' from '(none)' to 'G5K'. (OPT-170)
Information: Changed wire load model for '*GEQ_UNS_OP_20_17_1' from '(none)' to 'G5K'. (OPT-170)
Information: Changed wire load model for 'DW01_cmp2_width20' from '(none)' to 'G5K'. (OPT-170)
Information: Changed wire load model for '*LT_UNS_OP_20_17_1' from '(none)' to 'G5K'. (OPT-170)
Information: Changed wire load model for 'DW01_cmp2_width20' from '(none)' to 'G5K'. (OPT-170)
Information: Changed wire load model for '*GEQ_UNS_OP_20_17_1' from '(none)' to 'G5K'. (OPT-170)
Information: Changed wire load model for 'DW01_cmp2_width20' from '(none)' to 'G5K'. (OPT-170)
Information: Changed wire load model for '*LT_UNS_OP_20_17_1' from '(none)' to 'G5K'. (OPT-170)
Information: Changed wire load model for 'DW01_cmp2_width20' from '(none)' to 'G5K'. (OPT-170)
Information: Changed wire load model for '*GEQ_UNS_OP_20_17_1' from '(none)' to 'G5K'. (OPT-170)
Information: Changed wire load model for 'DW01_cmp2_width20' from '(none)' to 'G5K'. (OPT-170)
Information: Changed wire load model for '*LT_UNS_OP_20_17_1' from '(none)' to 'G5K'. (OPT-170)
Information: Changed wire load model for 'DW01_cmp2_width20' from '(none)' to 'G5K'. (OPT-170)
Information: Changed wire load model for '*GEQ_UNS_OP_20_17_1' from '(none)' to 'G5K'. (OPT-170)
Information: Changed wire load model for 'DW01_cmp2_width20' from '(none)' to 'G5K'. (OPT-170)
Information: Changed wire load model for '*LT_UNS_OP_20_17_1' from '(none)' to 'G5K'. (OPT-170)
Information: Changed wire load model for 'DW01_cmp2_width20' from '(none)' to 'G5K'. (OPT-170)
Information: Changed wire load model for '*GEQ_UNS_OP_20_17_1' from '(none)' to 'G5K'. (OPT-170)
Information: Changed wire load model for 'DW01_cmp2_width20' from '(none)' to 'G5K'. (OPT-170)
Information: Changed wire load model for '*LT_UNS_OP_20_17_1' from '(none)' to 'G5K'. (OPT-170)
Information: Changed wire load model for 'DW01_cmp2_width20' from '(none)' to 'G5K'. (OPT-170)
Information: Changed wire load model for '*GEQ_UNS_OP_20_17_1' from '(none)' to 'G5K'. (OPT-170)
Information: Changed wire load model for 'DW01_cmp2_width20' from '(none)' to 'G5K'. (OPT-170)
Information: Changed wire load model for '*LT_UNS_OP_20_17_1' from '(none)' to 'G5K'. (OPT-170)
Information: Changed wire load model for 'DW01_cmp2_width20' from '(none)' to 'G5K'. (OPT-170)
Information: Changed wire load model for '*GEQ_UNS_OP_20_17_1' from '(none)' to 'G5K'. (OPT-170)
Information: Changed wire load model for 'DW01_cmp2_width20' from '(none)' to 'G5K'. (OPT-170)
Information: Changed wire load model for '*LT_UNS_OP_20_17_1' from '(none)' to 'G5K'. (OPT-170)
Information: Changed wire load model for 'DW01_cmp2_width20' from '(none)' to 'G5K'. (OPT-170)
Information: Changed wire load model for '*GEQ_UNS_OP_20_17_1' from '(none)' to 'G5K'. (OPT-170)
Information: Changed wire load model for 'DW01_cmp2_width20' from '(none)' to 'G5K'. (OPT-170)
Information: Changed wire load model for '*LT_UNS_OP_20_17_1' from '(none)' to 'G5K'. (OPT-170)
Information: Changed wire load model for 'DW01_cmp2_width20' from '(none)' to 'G5K'. (OPT-170)
Information: Changed wire load model for '*GEQ_UNS_OP_20_17_1' from '(none)' to 'G5K'. (OPT-170)
Information: Changed wire load model for 'DW01_cmp2_width20' from '(none)' to 'G5K'. (OPT-170)
Information: Changed wire load model for '*LT_UNS_OP_20_17_1' from '(none)' to 'G5K'. (OPT-170)
Information: Changed wire load model for 'DW01_cmp2_width20' from '(none)' to 'G5K'. (OPT-170)
Information: Changed wire load model for '*GEQ_UNS_OP_20_17_1' from '(none)' to 'G5K'. (OPT-170)
Information: Changed wire load model for 'DW01_cmp2_width20' from '(none)' to 'G5K'. (OPT-170)
Information: Changed wire load model for '*LT_UNS_OP_20_17_1' from '(none)' to 'G5K'. (OPT-170)
Information: Changed wire load model for 'DW01_cmp2_width20' from '(none)' to 'G5K'. (OPT-170)
Information: Changed wire load model for '*GEQ_UNS_OP_20_17_1' from '(none)' to 'G5K'. (OPT-170)
Information: Changed wire load model for 'DW01_cmp2_width20' from '(none)' to 'G5K'. (OPT-170)
Information: Changed wire load model for '*LT_UNS_OP_20_17_1' from '(none)' to 'G5K'. (OPT-170)
Information: Changed wire load model for 'DW01_cmp2_width20' from '(none)' to 'G5K'. (OPT-170)
Information: Changed wire load model for '*GEQ_UNS_OP_20_17_1' from '(none)' to 'G5K'. (OPT-170)
Information: Changed wire load model for 'DW01_cmp2_width20' from '(none)' to 'G5K'. (OPT-170)
Information: Changed wire load model for '*LT_UNS_OP_20_17_1' from '(none)' to 'G5K'. (OPT-170)
Information: Changed wire load model for 'DW01_cmp2_width20' from '(none)' to 'G5K'. (OPT-170)
Information: Changed wire load model for '*GEQ_UNS_OP_20_17_1' from '(none)' to 'G5K'. (OPT-170)
Information: Changed wire load model for 'DW01_cmp2_width20' from '(none)' to 'G5K'. (OPT-170)
Information: Changed wire load model for '*LT_UNS_OP_20_17_1' from '(none)' to 'G5K'. (OPT-170)
Information: Changed wire load model for 'DW01_cmp2_width20' from '(none)' to 'G5K'. (OPT-170)
Information: Changed wire load model for '*GEQ_UNS_OP_20_17_1' from '(none)' to 'G5K'. (OPT-170)
Information: Changed wire load model for 'DW01_cmp2_width20' from '(none)' to 'G5K'. (OPT-170)
Information: Changed wire load model for '*LT_UNS_OP_20_17_1' from '(none)' to 'G5K'. (OPT-170)
Information: Changed wire load model for 'DW01_cmp2_width20' from '(none)' to 'G5K'. (OPT-170)
Information: Changed wire load model for '*GEQ_UNS_OP_20_17_1' from '(none)' to 'G5K'. (OPT-170)
Information: Changed wire load model for 'DW01_cmp2_width20' from '(none)' to 'G5K'. (OPT-170)
Information: Changed wire load model for '*LT_UNS_OP_20_17_1' from '(none)' to 'G5K'. (OPT-170)
Information: Changed wire load model for 'DW01_cmp2_width20' from '(none)' to 'G5K'. (OPT-170)
Information: Changed wire load model for '*GEQ_UNS_OP_20_17_1' from '(none)' to 'G5K'. (OPT-170)
Information: Changed wire load model for 'DW01_cmp2_width20' from '(none)' to 'G5K'. (OPT-170)
Information: Changed wire load model for '*LT_UNS_OP_20_17_1' from '(none)' to 'G5K'. (OPT-170)
Information: Changed wire load model for 'DW01_cmp2_width20' from '(none)' to 'G5K'. (OPT-170)
Information: Changed wire load model for '*GEQ_UNS_OP_20_17_1' from '(none)' to 'G5K'. (OPT-170)
Information: Changed wire load model for 'DW01_cmp2_width20' from '(none)' to 'G5K'. (OPT-170)
Information: Changed wire load model for '*LT_UNS_OP_20_17_1' from '(none)' to 'G5K'. (OPT-170)
Information: Changed wire load model for 'DW01_cmp2_width20' from '(none)' to 'G5K'. (OPT-170)
Information: Changed wire load model for '*GEQ_UNS_OP_20_17_1' from '(none)' to 'G5K'. (OPT-170)
Information: Changed wire load model for 'DW01_cmp2_width20' from '(none)' to 'G5K'. (OPT-170)
Information: Changed wire load model for '*LT_UNS_OP_20_17_1' from '(none)' to 'G5K'. (OPT-170)
Information: Changed wire load model for 'DW01_cmp2_width20' from '(none)' to 'G5K'. (OPT-170)
Information: Changed wire load model for '*GEQ_UNS_OP_20_17_1' from '(none)' to 'G5K'. (OPT-170)
Information: Changed wire load model for 'DW01_cmp2_width20' from '(none)' to 'G5K'. (OPT-170)
Information: Changed wire load model for '*LT_UNS_OP_20_17_1' from '(none)' to 'G5K'. (OPT-170)
Information: Changed wire load model for 'DW01_cmp2_width20' from '(none)' to 'G5K'. (OPT-170)
Information: Changed wire load model for '*GEQ_UNS_OP_20_17_1' from '(none)' to 'G5K'. (OPT-170)
Information: Changed wire load model for 'DW01_cmp2_width20' from '(none)' to 'G5K'. (OPT-170)
Information: Changed wire load model for '*LT_UNS_OP_20_17_1' from '(none)' to 'G5K'. (OPT-170)
Information: Changed wire load model for 'DW01_cmp2_width20' from '(none)' to 'G5K'. (OPT-170)
Information: Changed wire load model for '*GEQ_UNS_OP_20_17_1' from '(none)' to 'G5K'. (OPT-170)
Information: Changed wire load model for 'DW01_cmp2_width20' from '(none)' to 'G5K'. (OPT-170)
Information: Changed wire load model for '*LT_UNS_OP_20_17_1' from '(none)' to 'G5K'. (OPT-170)
Information: Changed wire load model for 'DW01_cmp2_width20' from '(none)' to 'G5K'. (OPT-170)
Information: Changed wire load model for '*GEQ_UNS_OP_20_17_1' from '(none)' to 'G5K'. (OPT-170)
Information: Changed wire load model for 'DW01_cmp2_width20' from '(none)' to 'G5K'. (OPT-170)
Information: Changed wire load model for '*LT_UNS_OP_20_17_1' from '(none)' to 'G5K'. (OPT-170)
Information: Changed wire load model for 'DW01_cmp2_width20' from '(none)' to 'G5K'. (OPT-170)
Information: Changed wire load model for '*GEQ_UNS_OP_20_17_1' from '(none)' to 'G5K'. (OPT-170)
Information: Changed wire load model for 'DW01_cmp2_width20' from '(none)' to 'G5K'. (OPT-170)
Information: Changed wire load model for '*LT_UNS_OP_20_17_1' from '(none)' to 'G5K'. (OPT-170)
Information: Changed wire load model for 'DW01_cmp2_width20' from '(none)' to 'G5K'. (OPT-170)
Information: Changed wire load model for '*GEQ_UNS_OP_20_17_1' from '(none)' to 'G5K'. (OPT-170)
Information: Changed wire load model for 'DW01_cmp2_width20' from '(none)' to 'G5K'. (OPT-170)
Information: Changed wire load model for '*LT_UNS_OP_20_17_1' from '(none)' to 'G5K'. (OPT-170)
Information: Changed wire load model for 'DW01_cmp2_width20' from '(none)' to 'G5K'. (OPT-170)
Information: Changed wire load model for '*GEQ_UNS_OP_20_17_1' from '(none)' to 'G5K'. (OPT-170)
Information: Changed wire load model for 'DW01_cmp2_width20' from '(none)' to 'G5K'. (OPT-170)
Information: Changed wire load model for '*LT_UNS_OP_20_17_1' from '(none)' to 'G5K'. (OPT-170)
Information: Changed wire load model for 'DW01_cmp2_width20' from '(none)' to 'G5K'. (OPT-170)
Information: Changed wire load model for '*GEQ_UNS_OP_20_17_1' from '(none)' to 'G5K'. (OPT-170)
Information: Changed wire load model for 'DW01_cmp2_width20' from '(none)' to 'G5K'. (OPT-170)
Information: Changed wire load model for '*LT_UNS_OP_20_17_1' from '(none)' to 'G5K'. (OPT-170)
Information: Changed wire load model for 'DW01_cmp2_width20' from '(none)' to 'G5K'. (OPT-170)
Information: Changed wire load model for '*GEQ_UNS_OP_20_17_1' from '(none)' to 'G5K'. (OPT-170)
Information: Changed wire load model for 'DW01_cmp2_width20' from '(none)' to 'G5K'. (OPT-170)
Information: Changed wire load model for '*LT_UNS_OP_20_17_1' from '(none)' to 'G5K'. (OPT-170)
Information: Changed wire load model for 'DW01_cmp2_width20' from '(none)' to 'G5K'. (OPT-170)
Information: Changed wire load model for '*GEQ_UNS_OP_20_17_1' from '(none)' to 'G5K'. (OPT-170)
Information: Changed wire load model for 'DW01_cmp2_width20' from '(none)' to 'G5K'. (OPT-170)
Information: Changed wire load model for '*LT_UNS_OP_20_17_1' from '(none)' to 'G5K'. (OPT-170)
Information: Changed wire load model for 'DW01_cmp2_width20' from '(none)' to 'G5K'. (OPT-170)
Information: Changed wire load model for '*GEQ_UNS_OP_20_17_1' from '(none)' to 'G5K'. (OPT-170)
Information: Changed wire load model for 'DW01_cmp2_width20' from '(none)' to 'G5K'. (OPT-170)
Information: Changed wire load model for '*LT_UNS_OP_20_17_1' from '(none)' to 'G5K'. (OPT-170)
Information: Changed wire load model for 'DW01_cmp2_width20' from '(none)' to 'G5K'. (OPT-170)
Information: Changed wire load model for '*GEQ_UNS_OP_20_17_1' from '(none)' to 'G5K'. (OPT-170)
Information: Changed wire load model for 'DW01_cmp2_width20' from '(none)' to 'G5K'. (OPT-170)
Information: Changed wire load model for '*LT_UNS_OP_20_17_1' from '(none)' to 'G5K'. (OPT-170)
Information: Changed wire load model for 'DW01_cmp2_width20' from '(none)' to 'G5K'. (OPT-170)
Information: Changed wire load model for '*GEQ_UNS_OP_20_17_1' from '(none)' to 'G5K'. (OPT-170)
Information: Changed wire load model for 'DW01_cmp2_width20' from '(none)' to 'G5K'. (OPT-170)
Information: Changed wire load model for '*LT_UNS_OP_20_17_1' from '(none)' to 'G5K'. (OPT-170)
Information: Changed wire load model for 'DW01_cmp2_width20' from '(none)' to 'G5K'. (OPT-170)
Information: Changed wire load model for '*GEQ_UNS_OP_20_17_1' from '(none)' to 'G5K'. (OPT-170)
Information: Changed wire load model for 'DW01_cmp2_width20' from '(none)' to 'G5K'. (OPT-170)
Information: Changed wire load model for '*LT_UNS_OP_20_17_1' from '(none)' to 'G5K'. (OPT-170)
Information: Changed wire load model for 'DW01_cmp2_width20' from '(none)' to 'G5K'. (OPT-170)
Information: Changed wire load model for '*GEQ_UNS_OP_20_17_1' from '(none)' to 'G5K'. (OPT-170)
Information: Changed wire load model for 'DW01_cmp2_width20' from '(none)' to 'G5K'. (OPT-170)
Information: Changed wire load model for '*LT_UNS_OP_20_17_1' from '(none)' to 'G5K'. (OPT-170)
Information: Changed wire load model for 'DW01_cmp2_width20' from '(none)' to 'G5K'. (OPT-170)
Information: Changed wire load model for '*GEQ_UNS_OP_20_17_1' from '(none)' to 'G5K'. (OPT-170)
Information: Changed wire load model for 'DW01_cmp2_width20' from '(none)' to 'G5K'. (OPT-170)
Information: Changed wire load model for '*LT_UNS_OP_20_17_1' from '(none)' to 'G5K'. (OPT-170)
Information: Changed wire load model for 'DW01_cmp2_width20' from '(none)' to 'G5K'. (OPT-170)
Information: Changed wire load model for '*GEQ_UNS_OP_20_17_1' from '(none)' to 'G5K'. (OPT-170)
Information: Changed wire load model for 'DW01_cmp2_width20' from '(none)' to 'G5K'. (OPT-170)
Information: Changed wire load model for '*LT_UNS_OP_20_17_1' from '(none)' to 'G5K'. (OPT-170)
Information: Changed wire load model for 'DW01_cmp2_width20' from '(none)' to 'G5K'. (OPT-170)
Information: Changed wire load model for '*GEQ_UNS_OP_20_17_1' from '(none)' to 'G5K'. (OPT-170)
Information: Changed wire load model for 'DW01_cmp2_width20' from '(none)' to 'G5K'. (OPT-170)
Information: Changed wire load model for '*LT_UNS_OP_20_17_1' from '(none)' to 'G5K'. (OPT-170)
Information: Changed wire load model for 'DW01_cmp2_width20' from '(none)' to 'G5K'. (OPT-170)
Information: Changed wire load model for '*GEQ_UNS_OP_20_17_1' from '(none)' to 'G5K'. (OPT-170)
Information: Changed wire load model for 'DW01_cmp2_width20' from '(none)' to 'G5K'. (OPT-170)
Information: Changed wire load model for '*LT_UNS_OP_20_17_1' from '(none)' to 'G5K'. (OPT-170)
Information: Changed wire load model for 'DW01_cmp2_width20' from '(none)' to 'G5K'. (OPT-170)
Information: Changed wire load model for '*GEQ_UNS_OP_20_17_1' from '(none)' to 'G5K'. (OPT-170)
Information: Changed wire load model for 'DW01_cmp2_width20' from '(none)' to 'G5K'. (OPT-170)
Information: Changed wire load model for '*LT_UNS_OP_20_17_1' from '(none)' to 'G5K'. (OPT-170)
Information: Changed wire load model for 'DW01_cmp2_width20' from '(none)' to 'G5K'. (OPT-170)
Information: Changed wire load model for '*GEQ_UNS_OP_20_17_1' from '(none)' to 'G5K'. (OPT-170)
Information: Changed wire load model for 'DW01_cmp2_width20' from '(none)' to 'G5K'. (OPT-170)
Information: Changed wire load model for '*LT_UNS_OP_20_17_1' from '(none)' to 'G5K'. (OPT-170)
Information: Changed wire load model for 'DW01_cmp2_width20' from '(none)' to 'G5K'. (OPT-170)
Information: Changed wire load model for '*GEQ_UNS_OP_20_17_1' from '(none)' to 'G5K'. (OPT-170)
Information: Changed wire load model for 'DW01_cmp2_width20' from '(none)' to 'G5K'. (OPT-170)
Information: Changed wire load model for '*LT_UNS_OP_20_17_1' from '(none)' to 'G5K'. (OPT-170)
Information: Changed wire load model for 'DW01_cmp2_width20' from '(none)' to 'G5K'. (OPT-170)
Information: Changed wire load model for '*GEQ_UNS_OP_20_17_1' from '(none)' to 'G5K'. (OPT-170)
Information: Changed wire load model for 'DW01_cmp2_width20' from '(none)' to 'G5K'. (OPT-170)
Information: Changed wire load model for '*LT_UNS_OP_20_17_1' from '(none)' to 'G5K'. (OPT-170)
Information: Changed wire load model for 'DW01_cmp2_width20' from '(none)' to 'G5K'. (OPT-170)
Information: Changed wire load model for '*GEQ_UNS_OP_20_17_1' from '(none)' to 'G5K'. (OPT-170)
Information: Changed wire load model for 'DW01_cmp2_width20' from '(none)' to 'G5K'. (OPT-170)
Information: Changed wire load model for '*LT_UNS_OP_20_17_1' from '(none)' to 'G5K'. (OPT-170)
Information: Changed wire load model for 'DW01_cmp2_width20' from '(none)' to 'G5K'. (OPT-170)
Information: Changed wire load model for '*GEQ_UNS_OP_20_17_1' from '(none)' to 'G5K'. (OPT-170)
Information: Changed wire load model for 'DW01_cmp2_width20' from '(none)' to 'G5K'. (OPT-170)
Information: Changed wire load model for '*LT_UNS_OP_20_17_1' from '(none)' to 'G5K'. (OPT-170)
Information: Changed wire load model for 'DW01_cmp2_width20' from '(none)' to 'G5K'. (OPT-170)
Information: Changed wire load model for '*GEQ_UNS_OP_20_17_1' from '(none)' to 'G5K'. (OPT-170)
Information: Changed wire load model for 'DW01_cmp2_width20' from '(none)' to 'G5K'. (OPT-170)
Information: Changed wire load model for '*LT_UNS_OP_20_17_1' from '(none)' to 'G5K'. (OPT-170)
Information: Changed wire load model for 'DW01_cmp2_width20' from '(none)' to 'G5K'. (OPT-170)
Information: Changed wire load model for '*GEQ_UNS_OP_20_17_1' from '(none)' to 'G5K'. (OPT-170)
Information: Changed wire load model for 'DW01_cmp2_width20' from '(none)' to 'G5K'. (OPT-170)
Information: Changed wire load model for '*LT_UNS_OP_20_17_1' from '(none)' to 'G5K'. (OPT-170)
Information: Changed wire load model for 'DW01_cmp2_width20' from '(none)' to 'G5K'. (OPT-170)
Information: Changed wire load model for '*GEQ_UNS_OP_20_17_1' from '(none)' to 'G5K'. (OPT-170)
Information: Changed wire load model for 'DW01_cmp2_width20' from '(none)' to 'G5K'. (OPT-170)
Information: Changed wire load model for '*LT_UNS_OP_20_17_1' from '(none)' to 'G5K'. (OPT-170)
Information: Changed wire load model for 'DW01_cmp2_width20' from '(none)' to 'G5K'. (OPT-170)
Information: Changed wire load model for '*GEQ_UNS_OP_20_17_1' from '(none)' to 'G5K'. (OPT-170)
Information: Changed wire load model for 'DW01_cmp2_width20' from '(none)' to 'G5K'. (OPT-170)
Information: Changed wire load model for '*LT_UNS_OP_20_17_1' from '(none)' to 'G5K'. (OPT-170)
Information: Changed wire load model for 'DW01_cmp2_width20' from '(none)' to 'G5K'. (OPT-170)
Information: Changed wire load model for '*GEQ_UNS_OP_20_17_1' from '(none)' to 'G5K'. (OPT-170)
Information: Changed wire load model for 'DW01_cmp2_width20' from '(none)' to 'G5K'. (OPT-170)
Information: Changed wire load model for '*LT_UNS_OP_20_17_1' from '(none)' to 'G5K'. (OPT-170)
Information: Changed wire load model for 'DW01_cmp2_width20' from '(none)' to 'G5K'. (OPT-170)
Information: Changed wire load model for '*GEQ_UNS_OP_20_17_1' from '(none)' to 'G5K'. (OPT-170)
Information: Changed wire load model for 'DW01_cmp2_width20' from '(none)' to 'G5K'. (OPT-170)
Information: Changed wire load model for '*LT_UNS_OP_20_17_1' from '(none)' to 'G5K'. (OPT-170)
Information: Changed wire load model for 'DW01_cmp2_width20' from '(none)' to 'G5K'. (OPT-170)
Information: Changed wire load model for '*GEQ_UNS_OP_20_17_1' from '(none)' to 'G5K'. (OPT-170)
Information: Changed wire load model for 'DW01_cmp2_width20' from '(none)' to 'G5K'. (OPT-170)
Information: Changed wire load model for '*LT_UNS_OP_20_17_1' from '(none)' to 'G5K'. (OPT-170)
Information: Changed wire load model for 'DW01_cmp2_width20' from '(none)' to 'G5K'. (OPT-170)
Information: Changed wire load model for '*GEQ_UNS_OP_20_17_1' from '(none)' to 'G5K'. (OPT-170)
Information: Changed wire load model for 'DW01_cmp2_width20' from '(none)' to 'G5K'. (OPT-170)
Information: Changed wire load model for '*LT_UNS_OP_20_17_1' from '(none)' to 'G5K'. (OPT-170)
Information: Changed wire load model for 'DW01_cmp2_width20' from '(none)' to 'G5K'. (OPT-170)
Information: Changed wire load model for '*GEQ_UNS_OP_20_17_1' from '(none)' to 'G5K'. (OPT-170)
Information: Changed wire load model for 'DW01_cmp2_width20' from '(none)' to 'G5K'. (OPT-170)
Information: Changed wire load model for '*LT_UNS_OP_20_17_1' from '(none)' to 'G5K'. (OPT-170)
Information: Changed wire load model for 'DW01_cmp2_width20' from '(none)' to 'G5K'. (OPT-170)
Information: Changed wire load model for '*GEQ_UNS_OP_20_17_1' from '(none)' to 'G5K'. (OPT-170)
Information: Changed wire load model for 'DW01_cmp2_width20' from '(none)' to 'G5K'. (OPT-170)
Information: Changed wire load model for '*LT_UNS_OP_20_17_1' from '(none)' to 'G5K'. (OPT-170)
Information: Changed wire load model for 'DW01_cmp2_width20' from '(none)' to 'G5K'. (OPT-170)
Information: Changed wire load model for '*GEQ_UNS_OP_20_17_1' from '(none)' to 'G5K'. (OPT-170)
Information: Changed wire load model for 'DW01_cmp2_width20' from '(none)' to 'G5K'. (OPT-170)
Information: Changed wire load model for '*LT_UNS_OP_20_17_1' from '(none)' to 'G5K'. (OPT-170)
Information: Changed wire load model for 'DW01_cmp2_width20' from '(none)' to 'G5K'. (OPT-170)
Information: Changed wire load model for '*GEQ_UNS_OP_20_17_1' from '(none)' to 'G5K'. (OPT-170)
Information: Changed wire load model for 'DW01_cmp2_width20' from '(none)' to 'G5K'. (OPT-170)
Information: Changed wire load model for '*LT_UNS_OP_20_17_1' from '(none)' to 'G5K'. (OPT-170)
Information: Changed wire load model for 'DW01_cmp2_width20' from '(none)' to 'G5K'. (OPT-170)
Information: Changed wire load model for '*GEQ_UNS_OP_20_17_1' from '(none)' to 'G5K'. (OPT-170)
Information: Changed wire load model for 'DW01_cmp2_width20' from '(none)' to 'G5K'. (OPT-170)
Information: Changed wire load model for '*LT_UNS_OP_20_17_1' from '(none)' to 'G5K'. (OPT-170)
Information: Changed wire load model for 'DW01_cmp2_width20' from '(none)' to 'G5K'. (OPT-170)
Information: Changed wire load model for '*GEQ_UNS_OP_20_17_1' from '(none)' to 'G5K'. (OPT-170)
Information: Changed wire load model for 'DW01_cmp2_width20' from '(none)' to 'G5K'. (OPT-170)
Information: Changed wire load model for '*LT_UNS_OP_20_17_1' from '(none)' to 'G5K'. (OPT-170)
Information: Changed wire load model for 'DW01_sub_width15' from '(none)' to 'G5K'. (OPT-170)
Information: Changed wire load model for '*SUB_UNS_OP_15_15_15' from '(none)' to 'G5K'. (OPT-170)
Information: Changed wire load model for 'DW01_sub_width15' from '(none)' to 'G5K'. (OPT-170)
Information: Changed wire load model for '*SUB_UNS_OP_15_15_15' from '(none)' to 'G5K'. (OPT-170)
Information: Changed wire load model for 'DW01_cmp2_width20' from '(none)' to 'G5K'. (OPT-170)
Information: Changed wire load model for '*GEQ_UNS_OP_20_15_1' from '(none)' to 'G5K'. (OPT-170)
Information: Changed wire load model for 'DW01_cmp2_width20' from '(none)' to 'G5K'. (OPT-170)
Information: Changed wire load model for '*GEQ_UNS_OP_20_15_1' from '(none)' to 'G5K'. (OPT-170)
Information: Changed wire load model for 'DW01_sub_width15' from '(none)' to 'G5K'. (OPT-170)
Information: Changed wire load model for '*SUB_UNS_OP_15_15_15' from '(none)' to 'G5K'. (OPT-170)
Information: Changed wire load model for 'DW01_sub_width15' from '(none)' to 'G5K'. (OPT-170)
Information: Changed wire load model for '*SUB_UNS_OP_15_15_15' from '(none)' to 'G5K'. (OPT-170)
Information: Changed wire load model for 'DW01_cmp2_width20' from '(none)' to 'G5K'. (OPT-170)
Information: Changed wire load model for '*GEQ_UNS_OP_20_15_1' from '(none)' to 'G5K'. (OPT-170)
Information: Changed wire load model for 'DW01_cmp2_width20' from '(none)' to 'G5K'. (OPT-170)
Information: Changed wire load model for '*GEQ_UNS_OP_20_15_1' from '(none)' to 'G5K'. (OPT-170)
Information: Changed wire load model for 'DW01_sub_width15' from '(none)' to 'G5K'. (OPT-170)
Information: Changed wire load model for '*SUB_UNS_OP_15_15_15' from '(none)' to 'G5K'. (OPT-170)
Information: Changed wire load model for 'DW01_sub_width15' from '(none)' to 'G5K'. (OPT-170)
Information: Changed wire load model for '*SUB_UNS_OP_15_15_15' from '(none)' to 'G5K'. (OPT-170)
Information: Changed wire load model for 'DW01_cmp2_width20' from '(none)' to 'G5K'. (OPT-170)
Information: Changed wire load model for '*GEQ_UNS_OP_20_15_1' from '(none)' to 'G5K'. (OPT-170)
Information: Changed wire load model for 'DW01_cmp2_width20' from '(none)' to 'G5K'. (OPT-170)
Information: Changed wire load model for '*GEQ_UNS_OP_20_15_1' from '(none)' to 'G5K'. (OPT-170)
Information: Changed wire load model for 'DW01_sub_width15' from '(none)' to 'G5K'. (OPT-170)
Information: Changed wire load model for '*SUB_UNS_OP_15_15_15' from '(none)' to 'G5K'. (OPT-170)
Information: Changed wire load model for 'DW01_sub_width15' from '(none)' to 'G5K'. (OPT-170)
Information: Changed wire load model for '*SUB_UNS_OP_15_15_15' from '(none)' to 'G5K'. (OPT-170)
Information: Changed wire load model for 'DW01_cmp2_width20' from '(none)' to 'G5K'. (OPT-170)
Information: Changed wire load model for '*GEQ_UNS_OP_20_15_1' from '(none)' to 'G5K'. (OPT-170)
Information: Changed wire load model for 'DW01_cmp2_width20' from '(none)' to 'G5K'. (OPT-170)
Information: Changed wire load model for '*GEQ_UNS_OP_20_15_1' from '(none)' to 'G5K'. (OPT-170)
Information: Changed wire load model for 'DW01_sub_width15' from '(none)' to 'G5K'. (OPT-170)
Information: Changed wire load model for '*SUB_UNS_OP_15_15_15' from '(none)' to 'G5K'. (OPT-170)
Information: Changed wire load model for 'DW01_sub_width15' from '(none)' to 'G5K'. (OPT-170)
Information: Changed wire load model for '*SUB_UNS_OP_15_15_15' from '(none)' to 'G5K'. (OPT-170)
Information: Changed wire load model for 'DW01_cmp2_width20' from '(none)' to 'G5K'. (OPT-170)
Information: Changed wire load model for '*GEQ_UNS_OP_20_15_1' from '(none)' to 'G5K'. (OPT-170)
Information: Changed wire load model for 'DW01_cmp2_width20' from '(none)' to 'G5K'. (OPT-170)
Information: Changed wire load model for '*GEQ_UNS_OP_20_15_1' from '(none)' to 'G5K'. (OPT-170)
Information: Changed wire load model for 'DW01_sub_width15' from '(none)' to 'G5K'. (OPT-170)
Information: Changed wire load model for '*SUB_UNS_OP_15_15_15' from '(none)' to 'G5K'. (OPT-170)
Information: Changed wire load model for 'DW01_sub_width15' from '(none)' to 'G5K'. (OPT-170)
Information: Changed wire load model for '*SUB_UNS_OP_15_15_15' from '(none)' to 'G5K'. (OPT-170)
Information: Changed wire load model for 'DW01_cmp2_width20' from '(none)' to 'G5K'. (OPT-170)
Information: Changed wire load model for '*GEQ_UNS_OP_20_15_1' from '(none)' to 'G5K'. (OPT-170)
Information: Changed wire load model for 'DW01_cmp2_width20' from '(none)' to 'G5K'. (OPT-170)
Information: Changed wire load model for '*GEQ_UNS_OP_20_15_1' from '(none)' to 'G5K'. (OPT-170)
Information: Changed wire load model for 'DW01_sub_width15' from '(none)' to 'G5K'. (OPT-170)
Information: Changed wire load model for '*SUB_UNS_OP_15_15_15' from '(none)' to 'G5K'. (OPT-170)
Information: Changed wire load model for 'DW01_sub_width15' from '(none)' to 'G5K'. (OPT-170)
Information: Changed wire load model for '*SUB_UNS_OP_15_15_15' from '(none)' to 'G5K'. (OPT-170)
Information: Changed wire load model for 'DW01_cmp2_width20' from '(none)' to 'G5K'. (OPT-170)
Information: Changed wire load model for '*GEQ_UNS_OP_20_15_1' from '(none)' to 'G5K'. (OPT-170)
Information: Changed wire load model for 'DW01_cmp2_width20' from '(none)' to 'G5K'. (OPT-170)
Information: Changed wire load model for '*GEQ_UNS_OP_20_15_1' from '(none)' to 'G5K'. (OPT-170)
Information: Changed wire load model for 'DW01_sub_width15' from '(none)' to 'G5K'. (OPT-170)
Information: Changed wire load model for '*SUB_UNS_OP_15_15_15' from '(none)' to 'G5K'. (OPT-170)
Information: Changed wire load model for 'DW01_sub_width15' from '(none)' to 'G5K'. (OPT-170)
Information: Changed wire load model for '*SUB_UNS_OP_15_15_15' from '(none)' to 'G5K'. (OPT-170)
Information: Changed wire load model for 'DW01_cmp2_width20' from '(none)' to 'G5K'. (OPT-170)
Information: Changed wire load model for '*GEQ_UNS_OP_20_15_1' from '(none)' to 'G5K'. (OPT-170)
Information: Changed wire load model for 'DW01_cmp2_width20' from '(none)' to 'G5K'. (OPT-170)
Information: Changed wire load model for '*GEQ_UNS_OP_20_15_1' from '(none)' to 'G5K'. (OPT-170)
Information: Changed wire load model for 'DW01_sub_width15' from '(none)' to 'G5K'. (OPT-170)
Information: Changed wire load model for '*SUB_UNS_OP_15_15_15' from '(none)' to 'G5K'. (OPT-170)
Information: Changed wire load model for 'DW01_sub_width15' from '(none)' to 'G5K'. (OPT-170)
Information: Changed wire load model for '*SUB_UNS_OP_15_15_15' from '(none)' to 'G5K'. (OPT-170)
Information: Changed wire load model for 'DW01_cmp2_width20' from '(none)' to 'G5K'. (OPT-170)
Information: Changed wire load model for '*GEQ_UNS_OP_20_15_1' from '(none)' to 'G5K'. (OPT-170)
Information: Changed wire load model for 'DW01_cmp2_width20' from '(none)' to 'G5K'. (OPT-170)
Information: Changed wire load model for '*GEQ_UNS_OP_20_15_1' from '(none)' to 'G5K'. (OPT-170)
Information: Changed wire load model for 'DW01_sub_width15' from '(none)' to 'G5K'. (OPT-170)
Information: Changed wire load model for '*SUB_UNS_OP_15_15_15' from '(none)' to 'G5K'. (OPT-170)
Information: Changed wire load model for 'DW01_sub_width15' from '(none)' to 'G5K'. (OPT-170)
Information: Changed wire load model for '*SUB_UNS_OP_15_15_15' from '(none)' to 'G5K'. (OPT-170)
Information: Changed wire load model for 'DW01_cmp2_width20' from '(none)' to 'G5K'. (OPT-170)
Information: Changed wire load model for '*GEQ_UNS_OP_20_15_1' from '(none)' to 'G5K'. (OPT-170)
Information: Changed wire load model for 'DW01_cmp2_width20' from '(none)' to 'G5K'. (OPT-170)
Information: Changed wire load model for '*GEQ_UNS_OP_20_15_1' from '(none)' to 'G5K'. (OPT-170)
Information: Changed wire load model for 'DW01_sub_width15' from '(none)' to 'G5K'. (OPT-170)
Information: Changed wire load model for '*SUB_UNS_OP_15_15_15' from '(none)' to 'G5K'. (OPT-170)
Information: Changed wire load model for 'DW01_sub_width15' from '(none)' to 'G5K'. (OPT-170)
Information: Changed wire load model for '*SUB_UNS_OP_15_15_15' from '(none)' to 'G5K'. (OPT-170)
Information: Changed wire load model for 'DW01_cmp2_width20' from '(none)' to 'G5K'. (OPT-170)
Information: Changed wire load model for '*GEQ_UNS_OP_20_15_1' from '(none)' to 'G5K'. (OPT-170)
Information: Changed wire load model for 'DW01_cmp2_width20' from '(none)' to 'G5K'. (OPT-170)
Information: Changed wire load model for '*GEQ_UNS_OP_20_15_1' from '(none)' to 'G5K'. (OPT-170)
Information: Changed wire load model for 'DW01_sub_width15' from '(none)' to 'G5K'. (OPT-170)
Information: Changed wire load model for '*SUB_UNS_OP_15_15_15' from '(none)' to 'G5K'. (OPT-170)
Information: Changed wire load model for 'DW01_sub_width15' from '(none)' to 'G5K'. (OPT-170)
Information: Changed wire load model for '*SUB_UNS_OP_15_15_15' from '(none)' to 'G5K'. (OPT-170)
Information: Changed wire load model for 'DW01_cmp2_width20' from '(none)' to 'G5K'. (OPT-170)
Information: Changed wire load model for '*GEQ_UNS_OP_20_15_1' from '(none)' to 'G5K'. (OPT-170)
Information: Changed wire load model for 'DW01_cmp2_width20' from '(none)' to 'G5K'. (OPT-170)
Information: Changed wire load model for '*GEQ_UNS_OP_20_15_1' from '(none)' to 'G5K'. (OPT-170)
Information: Changed wire load model for 'DW01_sub_width15' from '(none)' to 'G5K'. (OPT-170)
Information: Changed wire load model for '*SUB_UNS_OP_15_15_15' from '(none)' to 'G5K'. (OPT-170)
Information: Changed wire load model for 'DW01_sub_width15' from '(none)' to 'G5K'. (OPT-170)
Information: Changed wire load model for '*SUB_UNS_OP_15_15_15' from '(none)' to 'G5K'. (OPT-170)
Information: Changed wire load model for 'DW01_cmp2_width20' from '(none)' to 'G5K'. (OPT-170)
Information: Changed wire load model for '*GEQ_UNS_OP_20_15_1' from '(none)' to 'G5K'. (OPT-170)
Information: Changed wire load model for 'DW01_cmp2_width20' from '(none)' to 'G5K'. (OPT-170)
Information: Changed wire load model for '*GEQ_UNS_OP_20_15_1' from '(none)' to 'G5K'. (OPT-170)
Information: Changed wire load model for 'DW01_sub_width15' from '(none)' to 'G5K'. (OPT-170)
Information: Changed wire load model for '*SUB_UNS_OP_15_15_15' from '(none)' to 'G5K'. (OPT-170)
Information: Changed wire load model for 'DW01_sub_width15' from '(none)' to 'G5K'. (OPT-170)
Information: Changed wire load model for '*SUB_UNS_OP_15_15_15' from '(none)' to 'G5K'. (OPT-170)
Information: Changed wire load model for 'DW01_cmp2_width20' from '(none)' to 'G5K'. (OPT-170)
Information: Changed wire load model for '*GEQ_UNS_OP_20_15_1' from '(none)' to 'G5K'. (OPT-170)
Information: Changed wire load model for 'DW01_cmp2_width20' from '(none)' to 'G5K'. (OPT-170)
Information: Changed wire load model for '*GEQ_UNS_OP_20_15_1' from '(none)' to 'G5K'. (OPT-170)
Information: Changed wire load model for 'DW01_sub_width15' from '(none)' to 'G5K'. (OPT-170)
Information: Changed wire load model for '*SUB_UNS_OP_15_15_15' from '(none)' to 'G5K'. (OPT-170)
Information: Changed wire load model for 'DW01_sub_width15' from '(none)' to 'G5K'. (OPT-170)
Information: Changed wire load model for '*SUB_UNS_OP_15_15_15' from '(none)' to 'G5K'. (OPT-170)
Information: Changed wire load model for 'DW01_cmp2_width20' from '(none)' to 'G5K'. (OPT-170)
Information: Changed wire load model for '*GEQ_UNS_OP_20_15_1' from '(none)' to 'G5K'. (OPT-170)
Information: Changed wire load model for 'DW01_cmp2_width20' from '(none)' to 'G5K'. (OPT-170)
Information: Changed wire load model for '*GEQ_UNS_OP_20_15_1' from '(none)' to 'G5K'. (OPT-170)
Information: Changed wire load model for 'DW01_sub_width15' from '(none)' to 'G5K'. (OPT-170)
Information: Changed wire load model for '*SUB_UNS_OP_15_15_15' from '(none)' to 'G5K'. (OPT-170)
Information: Changed wire load model for 'DW01_sub_width15' from '(none)' to 'G5K'. (OPT-170)
Information: Changed wire load model for '*SUB_UNS_OP_15_15_15' from '(none)' to 'G5K'. (OPT-170)
Information: Changed wire load model for 'DW01_cmp2_width20' from '(none)' to 'G5K'. (OPT-170)
Information: Changed wire load model for '*GEQ_UNS_OP_20_15_1' from '(none)' to 'G5K'. (OPT-170)
Information: Changed wire load model for 'DW01_cmp2_width20' from '(none)' to 'G5K'. (OPT-170)
Information: Changed wire load model for '*GEQ_UNS_OP_20_15_1' from '(none)' to 'G5K'. (OPT-170)
Information: Changed wire load model for 'DW01_sub_width15' from '(none)' to 'G5K'. (OPT-170)
Information: Changed wire load model for '*SUB_UNS_OP_15_15_15' from '(none)' to 'G5K'. (OPT-170)
Information: Changed wire load model for 'DW01_sub_width15' from '(none)' to 'G5K'. (OPT-170)
Information: Changed wire load model for '*SUB_UNS_OP_15_15_15' from '(none)' to 'G5K'. (OPT-170)
Information: Changed wire load model for 'DW01_cmp2_width20' from '(none)' to 'G5K'. (OPT-170)
Information: Changed wire load model for '*GEQ_UNS_OP_20_15_1' from '(none)' to 'G5K'. (OPT-170)
Information: Changed wire load model for 'DW01_cmp2_width20' from '(none)' to 'G5K'. (OPT-170)
Information: Changed wire load model for '*GEQ_UNS_OP_20_15_1' from '(none)' to 'G5K'. (OPT-170)
Information: Changed wire load model for 'DW01_sub_width15' from '(none)' to 'G5K'. (OPT-170)
Information: Changed wire load model for '*SUB_UNS_OP_15_15_15' from '(none)' to 'G5K'. (OPT-170)
Information: Changed wire load model for 'DW01_sub_width15' from '(none)' to 'G5K'. (OPT-170)
Information: Changed wire load model for '*SUB_UNS_OP_15_15_15' from '(none)' to 'G5K'. (OPT-170)
Information: Changed wire load model for 'DW01_cmp2_width20' from '(none)' to 'G5K'. (OPT-170)
Information: Changed wire load model for '*GEQ_UNS_OP_20_15_1' from '(none)' to 'G5K'. (OPT-170)
Information: Changed wire load model for 'DW01_cmp2_width20' from '(none)' to 'G5K'. (OPT-170)
Information: Changed wire load model for '*GEQ_UNS_OP_20_15_1' from '(none)' to 'G5K'. (OPT-170)
Information: Changed wire load model for 'DW01_sub_width15' from '(none)' to 'G5K'. (OPT-170)
Information: Changed wire load model for '*SUB_UNS_OP_15_15_15' from '(none)' to 'G5K'. (OPT-170)
Information: Changed wire load model for 'DW01_sub_width15' from '(none)' to 'G5K'. (OPT-170)
Information: Changed wire load model for '*SUB_UNS_OP_15_15_15' from '(none)' to 'G5K'. (OPT-170)
Information: Changed wire load model for 'DW01_cmp2_width20' from '(none)' to 'G5K'. (OPT-170)
Information: Changed wire load model for '*GEQ_UNS_OP_20_15_1' from '(none)' to 'G5K'. (OPT-170)
Information: Changed wire load model for 'DW01_cmp2_width20' from '(none)' to 'G5K'. (OPT-170)
Information: Changed wire load model for '*GEQ_UNS_OP_20_15_1' from '(none)' to 'G5K'. (OPT-170)
Information: Changed wire load model for 'DW01_sub_width15' from '(none)' to 'G5K'. (OPT-170)
Information: Changed wire load model for '*SUB_UNS_OP_15_15_15' from '(none)' to 'G5K'. (OPT-170)
Information: Changed wire load model for 'DW01_sub_width15' from '(none)' to 'G5K'. (OPT-170)
Information: Changed wire load model for '*SUB_UNS_OP_15_15_15' from '(none)' to 'G5K'. (OPT-170)
Information: Changed wire load model for 'DW01_cmp2_width20' from '(none)' to 'G5K'. (OPT-170)
Information: Changed wire load model for '*GEQ_UNS_OP_20_15_1' from '(none)' to 'G5K'. (OPT-170)
Information: Changed wire load model for 'DW01_cmp2_width20' from '(none)' to 'G5K'. (OPT-170)
Information: Changed wire load model for '*GEQ_UNS_OP_20_15_1' from '(none)' to 'G5K'. (OPT-170)
Information: Changed wire load model for 'DW01_sub_width15' from '(none)' to 'G5K'. (OPT-170)
Information: Changed wire load model for '*SUB_UNS_OP_15_15_15' from '(none)' to 'G5K'. (OPT-170)
Information: Changed wire load model for 'DW01_sub_width15' from '(none)' to 'G5K'. (OPT-170)
Information: Changed wire load model for '*SUB_UNS_OP_15_15_15' from '(none)' to 'G5K'. (OPT-170)
Information: Changed wire load model for 'DW01_cmp2_width20' from '(none)' to 'G5K'. (OPT-170)
Information: Changed wire load model for '*GEQ_UNS_OP_20_15_1' from '(none)' to 'G5K'. (OPT-170)
Information: Changed wire load model for 'DW01_cmp2_width20' from '(none)' to 'G5K'. (OPT-170)
Information: Changed wire load model for '*GEQ_UNS_OP_20_15_1' from '(none)' to 'G5K'. (OPT-170)
Information: Changed wire load model for 'DW01_sub_width15' from '(none)' to 'G5K'. (OPT-170)
Information: Changed wire load model for '*SUB_UNS_OP_15_15_15' from '(none)' to 'G5K'. (OPT-170)
Information: Changed wire load model for 'DW01_sub_width15' from '(none)' to 'G5K'. (OPT-170)
Information: Changed wire load model for '*SUB_UNS_OP_15_15_15' from '(none)' to 'G5K'. (OPT-170)
Information: Changed wire load model for 'DW01_cmp2_width20' from '(none)' to 'G5K'. (OPT-170)
Information: Changed wire load model for '*GEQ_UNS_OP_20_15_1' from '(none)' to 'G5K'. (OPT-170)
Information: Changed wire load model for 'DW01_cmp2_width20' from '(none)' to 'G5K'. (OPT-170)
Information: Changed wire load model for '*GEQ_UNS_OP_20_15_1' from '(none)' to 'G5K'. (OPT-170)
Information: Changed wire load model for 'DW01_sub_width15' from '(none)' to 'G5K'. (OPT-170)
Information: Changed wire load model for '*SUB_UNS_OP_15_15_15' from '(none)' to 'G5K'. (OPT-170)
Information: Changed wire load model for 'DW01_sub_width15' from '(none)' to 'G5K'. (OPT-170)
Information: Changed wire load model for '*SUB_UNS_OP_15_15_15' from '(none)' to 'G5K'. (OPT-170)
Information: Changed wire load model for 'DW01_cmp2_width20' from '(none)' to 'G5K'. (OPT-170)
Information: Changed wire load model for '*GEQ_UNS_OP_20_15_1' from '(none)' to 'G5K'. (OPT-170)
Information: Changed wire load model for 'DW01_cmp2_width20' from '(none)' to 'G5K'. (OPT-170)
Information: Changed wire load model for '*GEQ_UNS_OP_20_15_1' from '(none)' to 'G5K'. (OPT-170)
Information: Changed wire load model for 'DW01_sub_width15' from '(none)' to 'G5K'. (OPT-170)
Information: Changed wire load model for '*SUB_UNS_OP_15_15_15' from '(none)' to 'G5K'. (OPT-170)
Information: Changed wire load model for 'DW01_sub_width15' from '(none)' to 'G5K'. (OPT-170)
Information: Changed wire load model for '*SUB_UNS_OP_15_15_15' from '(none)' to 'G5K'. (OPT-170)
Information: Changed wire load model for 'DW01_cmp2_width20' from '(none)' to 'G5K'. (OPT-170)
Information: Changed wire load model for '*GEQ_UNS_OP_20_15_1' from '(none)' to 'G5K'. (OPT-170)
Information: Changed wire load model for 'DW01_cmp2_width20' from '(none)' to 'G5K'. (OPT-170)
Information: Changed wire load model for '*GEQ_UNS_OP_20_15_1' from '(none)' to 'G5K'. (OPT-170)
Information: Changed wire load model for 'DW01_sub_width15' from '(none)' to 'G5K'. (OPT-170)
Information: Changed wire load model for '*SUB_UNS_OP_15_15_15' from '(none)' to 'G5K'. (OPT-170)
Information: Changed wire load model for 'DW01_sub_width15' from '(none)' to 'G5K'. (OPT-170)
Information: Changed wire load model for '*SUB_UNS_OP_15_15_15' from '(none)' to 'G5K'. (OPT-170)
Information: Changed wire load model for 'DW01_cmp2_width20' from '(none)' to 'G5K'. (OPT-170)
Information: Changed wire load model for '*GEQ_UNS_OP_20_15_1' from '(none)' to 'G5K'. (OPT-170)
Information: Changed wire load model for 'DW01_cmp2_width20' from '(none)' to 'G5K'. (OPT-170)
Information: Changed wire load model for '*GEQ_UNS_OP_20_15_1' from '(none)' to 'G5K'. (OPT-170)
Information: Changed wire load model for 'DW01_sub_width15' from '(none)' to 'G5K'. (OPT-170)
Information: Changed wire load model for '*SUB_UNS_OP_15_15_15' from '(none)' to 'G5K'. (OPT-170)
Information: Changed wire load model for 'DW01_sub_width15' from '(none)' to 'G5K'. (OPT-170)
Information: Changed wire load model for '*SUB_UNS_OP_15_15_15' from '(none)' to 'G5K'. (OPT-170)
Information: Changed wire load model for 'DW01_cmp2_width20' from '(none)' to 'G5K'. (OPT-170)
Information: Changed wire load model for '*GEQ_UNS_OP_20_15_1' from '(none)' to 'G5K'. (OPT-170)
Information: Changed wire load model for 'DW01_cmp2_width20' from '(none)' to 'G5K'. (OPT-170)
Information: Changed wire load model for '*GEQ_UNS_OP_20_15_1' from '(none)' to 'G5K'. (OPT-170)
Information: Changed wire load model for 'DW01_sub_width15' from '(none)' to 'G5K'. (OPT-170)
Information: Changed wire load model for '*SUB_UNS_OP_15_15_15' from '(none)' to 'G5K'. (OPT-170)
Information: Changed wire load model for 'DW01_sub_width15' from '(none)' to 'G5K'. (OPT-170)
Information: Changed wire load model for '*SUB_UNS_OP_15_15_15' from '(none)' to 'G5K'. (OPT-170)
Information: Changed wire load model for 'DW01_cmp2_width20' from '(none)' to 'G5K'. (OPT-170)
Information: Changed wire load model for '*GEQ_UNS_OP_20_15_1' from '(none)' to 'G5K'. (OPT-170)
Information: Changed wire load model for 'DW01_cmp2_width20' from '(none)' to 'G5K'. (OPT-170)
Information: Changed wire load model for '*GEQ_UNS_OP_20_15_1' from '(none)' to 'G5K'. (OPT-170)
Information: Changed wire load model for 'DW01_sub_width15' from '(none)' to 'G5K'. (OPT-170)
Information: Changed wire load model for '*SUB_UNS_OP_15_15_15' from '(none)' to 'G5K'. (OPT-170)
Information: Changed wire load model for 'DW01_sub_width15' from '(none)' to 'G5K'. (OPT-170)
Information: Changed wire load model for '*SUB_UNS_OP_15_15_15' from '(none)' to 'G5K'. (OPT-170)
Information: Changed wire load model for 'DW01_cmp2_width20' from '(none)' to 'G5K'. (OPT-170)
Information: Changed wire load model for '*GEQ_UNS_OP_20_15_1' from '(none)' to 'G5K'. (OPT-170)
Information: Changed wire load model for 'DW01_cmp2_width20' from '(none)' to 'G5K'. (OPT-170)
Information: Changed wire load model for '*GEQ_UNS_OP_20_15_1' from '(none)' to 'G5K'. (OPT-170)
Information: Changed wire load model for 'DW01_sub_width15' from '(none)' to 'G5K'. (OPT-170)
Information: Changed wire load model for '*SUB_UNS_OP_15_15_15' from '(none)' to 'G5K'. (OPT-170)
Information: Changed wire load model for 'DW01_sub_width15' from '(none)' to 'G5K'. (OPT-170)
Information: Changed wire load model for '*SUB_UNS_OP_15_15_15' from '(none)' to 'G5K'. (OPT-170)
Information: Changed wire load model for 'DW01_cmp2_width20' from '(none)' to 'G5K'. (OPT-170)
Information: Changed wire load model for '*GEQ_UNS_OP_20_15_1' from '(none)' to 'G5K'. (OPT-170)
Information: Changed wire load model for 'DW01_cmp2_width20' from '(none)' to 'G5K'. (OPT-170)
Information: Changed wire load model for '*GEQ_UNS_OP_20_15_1' from '(none)' to 'G5K'. (OPT-170)
Information: Changed wire load model for 'DW01_sub_width15' from '(none)' to 'G5K'. (OPT-170)
Information: Changed wire load model for '*SUB_UNS_OP_15_15_15' from '(none)' to 'G5K'. (OPT-170)
Information: Changed wire load model for 'DW01_sub_width15' from '(none)' to 'G5K'. (OPT-170)
Information: Changed wire load model for '*SUB_UNS_OP_15_15_15' from '(none)' to 'G5K'. (OPT-170)
Information: Changed wire load model for 'DW01_cmp2_width20' from '(none)' to 'G5K'. (OPT-170)
Information: Changed wire load model for '*GEQ_UNS_OP_20_15_1' from '(none)' to 'G5K'. (OPT-170)
Information: Changed wire load model for 'DW01_cmp2_width20' from '(none)' to 'G5K'. (OPT-170)
Information: Changed wire load model for '*GEQ_UNS_OP_20_15_1' from '(none)' to 'G5K'. (OPT-170)
Information: Changed wire load model for 'DW01_sub_width15' from '(none)' to 'G5K'. (OPT-170)
Information: Changed wire load model for '*SUB_UNS_OP_15_15_15' from '(none)' to 'G5K'. (OPT-170)
Information: Changed wire load model for 'DW01_sub_width15' from '(none)' to 'G5K'. (OPT-170)
Information: Changed wire load model for '*SUB_UNS_OP_15_15_15' from '(none)' to 'G5K'. (OPT-170)
Information: Changed wire load model for 'DW01_cmp2_width20' from '(none)' to 'G5K'. (OPT-170)
Information: Changed wire load model for '*GEQ_UNS_OP_20_15_1' from '(none)' to 'G5K'. (OPT-170)
Information: Changed wire load model for 'DW01_cmp2_width20' from '(none)' to 'G5K'. (OPT-170)
Information: Changed wire load model for '*GEQ_UNS_OP_20_15_1' from '(none)' to 'G5K'. (OPT-170)
Information: Changed wire load model for 'DW01_sub_width15' from '(none)' to 'G5K'. (OPT-170)
Information: Changed wire load model for '*SUB_UNS_OP_15_15_15' from '(none)' to 'G5K'. (OPT-170)
Information: Changed wire load model for 'DW01_sub_width15' from '(none)' to 'G5K'. (OPT-170)
Information: Changed wire load model for '*SUB_UNS_OP_15_15_15' from '(none)' to 'G5K'. (OPT-170)
Information: Changed wire load model for 'DW01_cmp2_width20' from '(none)' to 'G5K'. (OPT-170)
Information: Changed wire load model for '*GEQ_UNS_OP_20_15_1' from '(none)' to 'G5K'. (OPT-170)
Information: Changed wire load model for 'DW01_cmp2_width20' from '(none)' to 'G5K'. (OPT-170)
Information: Changed wire load model for '*GEQ_UNS_OP_20_15_1' from '(none)' to 'G5K'. (OPT-170)
Information: Updating design information... (UID-85)
Warning: Design 'seq_chain_top' contains 1 high-fanout nets. A fanout number of 1000 will be used for delay calculations involving these nets. (TIM-134)
Library(s) Used:

    fsa0m_a_generic_core_tt1p8v25c (File: /usr/cad/PDK/CBDK018_UMC_Faraday_v1.1/orig_lib/fsa0m_a/2009Q2v2.0/GENERIC_CORE/FrontEnd/synopsys/fsa0m_a_generic_core_tt1p8v25c.db)
    gtech (File: /usr/cad/synopsys/synthesis/2021.06-sp2/libraries/syn/gtech.db)
    FMO180_24642X8_TC (File: /home/dtrain6/workshop/squeezenet/syn/macros/FMO180_24642X8_TC.db)
    FMI180_19456X8_TC (File: /home/dtrain6/workshop/squeezenet/syn/macros/FMI180_19456X8_TC.db)
    FMI180_32768X8_TC (File: /home/dtrain6/workshop/squeezenet/syn/macros/FMI180_32768X8_TC.db)
    PSUM180_12352X32_TC (File: /home/dtrain6/workshop/squeezenet/syn/macros/PSUM180_12352X32_TC.db)
    SJMA180_19968X8X1BM8_TC (File: /home/dtrain6/workshop/squeezenet/syn/macros/SJMA180_19968X8X1BM8_TC.db)

Number of ports:                       213459
Number of nets:                        943961
Number of cells:                       653216
Number of combinational cells:         586386
Number of sequential cells:             63807
Number of macros/black boxes:             352
Number of buf/inv:                     117428
Number of references:                      60

Combinational area:           14322208.393047
Buf/Inv area:                  1018250.444834
Noncombinational area:         3785157.764790
Macro/Black Box area:       1005493992.000000
Net Interconnect area:      undefined  (Wire load has zero net area)

Total cell area:            1023601358.157837
Total area:                 undefined

Information: This design contains unmapped logic. (RPT-7)
1
