 
****************************************
Report : area
Design : requant_lane_NT_DEPTH126
Version: S-2021.06-SP2
Date   : Wed Sep 23 04:05:14 2026
****************************************

Information: Updating design information... (UID-85)
Library(s) Used:

    fsa0m_a_generic_core_tt1p8v25c (File: /usr/cad/PDK/CBDK018_UMC_Faraday_v1.1/orig_lib/fsa0m_a/2009Q2v2.0/GENERIC_CORE/FrontEnd/synopsys/fsa0m_a_generic_core_tt1p8v25c.db)

Number of ports:                          371
Number of nets:                          8053
Number of cells:                         7547
Number of combinational cells:           7547
Number of sequential cells:                 0
Number of macros/black boxes:               0
Number of buf/inv:                       1638
Number of references:                     120

Combinational area:             229785.292819
Buf/Inv area:                    22151.707102
Noncombinational area:               0.000000
Macro/Black Box area:                0.000000
Net Interconnect area:      undefined  (Wire load has zero net area)

Total cell area:                229785.292819
Total area:                 undefined
1
