 
****************************************
Report : qor
Design : requant_lane_NT_DEPTH126
Version: S-2021.06-SP2
Date   : Wed Sep 23 04:05:15 2026
****************************************


  Timing Path Group 'clk'
  -----------------------------------
  Levels of Logic:              63.00
  Critical Path Length:          5.96
  Critical Path Slack:          -1.96
  Critical Path Clk Period:     10.00
  Total Negative Slack:        -33.83
  No. of Violating Paths:       34.00
  Worst Hold Violation:          0.00
  Total Hold Violation:          0.00
  No. of Hold Violations:        0.00
  -----------------------------------


  Cell Count
  -----------------------------------
  Hierarchical Cell Count:          0
  Hierarchical Port Count:          0
  Leaf Cell Count:               7547
  Buf/Inv Cell Count:            1638
  Buf Cell Count:                 256
  Inv Cell Count:                1382
  CT Buf/Inv Cell Count:            0
  Combinational Cell Count:      7547
  Sequential Cell Count:            0
  Macro Count:                      0
  -----------------------------------


  Area
  -----------------------------------
  Combinational Area:   229785.292819
  Noncombinational Area:     0.000000
  Buf/Inv Area:          22151.707102
  Total Buffer Area:          6427.71
  Total Inverter Area:       15723.99
  Macro/Black Box Area:      0.000000
  Net Area:                  0.000000
  -----------------------------------
  Cell Area:            229785.292819
  Design Area:          229785.292819


  Design Rules
  -----------------------------------
  Total Number of Nets:          8053
  Nets With Violations:             0
  Max Trans Violations:             0
  Max Cap Violations:               0
  -----------------------------------


  Hostname: ic11

  Compile CPU Statistics
  -----------------------------------------
  Resource Sharing:                    9.72
  Logic Optimization:                 50.36
  Mapping Optimization:              468.48
  -----------------------------------------
  Overall Compile Time:              571.62
  Overall Compile Wall Clock Time:   573.07

  --------------------------------------------------------------------

  Design  WNS: 1.96  TNS: 33.83  Number of Violating Paths: 34


  Design (Hold)  WNS: 0.00  TNS: 0.00  Number of Violating Paths: 0

  --------------------------------------------------------------------


1
