 
****************************************
Report : timing
        -path full
        -delay max
        -max_paths 5
Design : requant_lane_NT_DEPTH126
Version: S-2021.06-SP2
Date   : Wed Sep 23 04:05:15 2026
****************************************

Operating Conditions: TCCOM   Library: fsa0m_a_generic_core_tt1p8v25c
Wire Load Model Mode: enclosed

  Startpoint: n_tile[1] (input port clocked by clk)
  Endpoint: wdata_fmap[4]
            (output port clocked by clk)
  Path Group: clk
  Path Type: max

  Des/Clust/Port     Wire Load Model       Library
  ------------------------------------------------
  requant_lane_NT_DEPTH126
                     enG30K                fsa0m_a_generic_core_tt1p8v25c

  Point                                    Incr       Path
  -----------------------------------------------------------
  clock clk (rise edge)                    0.00       0.00
  clock network delay (ideal)              0.00       0.00
  input external delay                     3.00       3.00 f
  n_tile[1] (in)                           0.00       3.00 f
  U5966/O (NR2F)                           0.12       3.12 r
  U5945/O (NR3HT)                          0.07       3.19 f
  U5964/O (OAI12HT)                        0.07       3.27 r
  U1520/O (ND3HT)                          0.09       3.36 f
  U1519/O (XNR2HT)                         0.13       3.50 f
  U3480/O (NR2F)                           0.13       3.62 r
  U1707/O (INV12)                          0.06       3.68 f
  U1708/O (OR2T)                           0.15       3.83 f
  U7400/O (NR2F)                           0.09       3.92 r
  U2206/O (INV6CK)                         0.07       3.99 f
  U1366/O (INV2)                           0.09       4.07 r
  U3138/O (NR3HT)                          0.08       4.15 f
  U2491/O (ND3HT)                          0.09       4.24 r
  U1443/O (NR2F)                           0.05       4.29 f
  U2378/O (ND3HT)                          0.10       4.39 r
  U3761/O (ND3HT)                          0.06       4.45 f
  U1431/O (ND3HT)                          0.08       4.53 r
  U1430/O (ND3HT)                          0.08       4.61 f
  U4289/O (ND2F)                           0.07       4.68 r
  U1495/O (MOAI1HP)                        0.05       4.72 f
  U1594/O (ND2F)                           0.10       4.82 r
  U1593/O (ND3HT)                          0.06       4.88 f
  U3278/O (ND3HT)                          0.11       4.99 r
  U5850/O (ND3HT)                          0.08       5.07 f
  U4816/O (ND3HT)                          0.08       5.15 r
  U4815/O (BUF12CK)                        0.16       5.32 r
  U5782/O (ND3HT)                          0.06       5.37 f
  U1458/O (ND3HT)                          0.08       5.46 r
  U1472/O (XNR2HP)                         0.12       5.58 r
  U5436/O (INV12)                          0.09       5.68 f
  U4583/O (XNR2HP)                         0.12       5.80 f
  U4226/O (OAI22HP)                        0.13       5.93 r
  U4157/O (OAI12HP)                        0.08       6.01 f
  U4156/O (OAI12HT)                        0.08       6.09 r
  U2600/O (XOR2HT)                         0.11       6.19 r
  U4155/O (XNR2HT)                         0.12       6.32 r
  U3058/O (XNR2HT)                         0.11       6.43 r
  U5251/O (XNR2HT)                         0.11       6.54 r
  U2537/O (XNR2HP)                         0.11       6.65 r
  U3482/O (XNR2HP)                         0.12       6.76 r
  U3481/O (NR2F)                           0.05       6.82 f
  U2786/O (INV6)                           0.07       6.89 r
  U5437/O (AOI12HT)                        0.06       6.95 f
  U3497/O (OAI12HT)                        0.11       7.06 r
  U7558/O (AOI12HT)                        0.05       7.11 f
  U5742/O (OAI12HT)                        0.15       7.25 r
  U5220/O (AOI12HT)                        0.08       7.33 f
  U5221/O (INV12)                          0.08       7.41 r
  U7568/O (INV12)                          0.06       7.47 f
  U5589/O (OAI12HP)                        0.12       7.59 r
  U2658/O (XNR2HP)                         0.12       7.71 r
  U2421/O (ND2F)                           0.06       7.76 f
  U2420/O (ND3HT)                          0.07       7.83 r
  U5000/O (ND3HT)                          0.09       7.93 f
  U3516/O (ND3HT)                          0.10       8.03 r
  U3515/O (ND3HT)                          0.09       8.11 f
  U3529/O (OAI12HP)                        0.12       8.23 r
  U5228/O (ND3HT)                          0.08       8.31 f
  U5893/O (OA12P)                          0.18       8.49 f
  U3060/O (XNR2H)                          0.13       8.62 r
  U5740/O (OAI12HP)                        0.08       8.70 f
  U5907/O (OAI13HT)                        0.20       8.90 r
  U7808/O (ND2S)                           0.05       8.96 f
  data_fmap[4] (out)                       0.00       8.96 f
  data arrival time                                   8.96

  clock clk (rise edge)                   10.00      10.00
  clock network delay (ideal)              0.00      10.00
  output external delay                   -3.00       7.00
  data required time                                  7.00
  -----------------------------------------------------------
  data required time                                  7.00
  data arrival time                                  -8.96
  -----------------------------------------------------------
  slack (VIOLATED)                                   -1.96


  Startpoint: n_tile[1] (input port clocked by clk)
  Endpoint: wdata_fmap[3]
            (output port clocked by clk)
  Path Group: clk
  Path Type: max

  Des/Clust/Port     Wire Load Model       Library
  ------------------------------------------------
  requant_lane_NT_DEPTH126
                     enG30K                fsa0m_a_generic_core_tt1p8v25c

  Point                                    Incr       Path
  -----------------------------------------------------------
  clock clk (rise edge)                    0.00       0.00
  clock network delay (ideal)              0.00       0.00
  input external delay                     3.00       3.00 f
  n_tile[1] (in)                           0.00       3.00 f
  U5966/O (NR2F)                           0.12       3.12 r
  U5945/O (NR3HT)                          0.07       3.19 f
  U5964/O (OAI12HT)                        0.07       3.27 r
  U1520/O (ND3HT)                          0.09       3.36 f
  U1519/O (XNR2HT)                         0.13       3.50 f
  U3480/O (NR2F)                           0.13       3.62 r
  U1707/O (INV12)                          0.06       3.68 f
  U1708/O (OR2T)                           0.15       3.83 f
  U7400/O (NR2F)                           0.09       3.92 r
  U2206/O (INV6CK)                         0.07       3.99 f
  U1366/O (INV2)                           0.09       4.07 r
  U3138/O (NR3HT)                          0.08       4.15 f
  U2491/O (ND3HT)                          0.09       4.24 r
  U1443/O (NR2F)                           0.05       4.29 f
  U2378/O (ND3HT)                          0.10       4.39 r
  U3761/O (ND3HT)                          0.06       4.45 f
  U1431/O (ND3HT)                          0.08       4.53 r
  U1430/O (ND3HT)                          0.08       4.61 f
  U4289/O (ND2F)                           0.07       4.68 r
  U1495/O (MOAI1HP)                        0.05       4.72 f
  U1594/O (ND2F)                           0.10       4.82 r
  U1593/O (ND3HT)                          0.06       4.88 f
  U3278/O (ND3HT)                          0.11       4.99 r
  U5850/O (ND3HT)                          0.08       5.07 f
  U4816/O (ND3HT)                          0.08       5.15 r
  U4815/O (BUF12CK)                        0.16       5.32 r
  U5782/O (ND3HT)                          0.06       5.37 f
  U1458/O (ND3HT)                          0.08       5.46 r
  U1472/O (XNR2HP)                         0.12       5.58 r
  U5436/O (INV12)                          0.09       5.68 f
  U4583/O (XNR2HP)                         0.12       5.80 f
  U4226/O (OAI22HP)                        0.13       5.93 r
  U4157/O (OAI12HP)                        0.08       6.01 f
  U4156/O (OAI12HT)                        0.08       6.09 r
  U2600/O (XOR2HT)                         0.11       6.19 r
  U4155/O (XNR2HT)                         0.12       6.32 r
  U3058/O (XNR2HT)                         0.11       6.43 r
  U5251/O (XNR2HT)                         0.11       6.54 r
  U2537/O (XNR2HP)                         0.11       6.65 r
  U3482/O (XNR2HP)                         0.12       6.76 r
  U3481/O (NR2F)                           0.05       6.82 f
  U2786/O (INV6)                           0.07       6.89 r
  U5437/O (AOI12HT)                        0.06       6.95 f
  U3497/O (OAI12HT)                        0.11       7.06 r
  U7558/O (AOI12HT)                        0.05       7.11 f
  U5742/O (OAI12HT)                        0.15       7.25 r
  U5220/O (AOI12HT)                        0.08       7.33 f
  U5221/O (INV12)                          0.08       7.41 r
  U7568/O (INV12)                          0.06       7.47 f
  U5589/O (OAI12HP)                        0.12       7.59 r
  U2658/O (XNR2HP)                         0.12       7.71 r
  U2421/O (ND2F)                           0.06       7.76 f
  U2420/O (ND3HT)                          0.07       7.83 r
  U5000/O (ND3HT)                          0.09       7.93 f
  U3516/O (ND3HT)                          0.10       8.03 r
  U3515/O (ND3HT)                          0.09       8.11 f
  U3529/O (OAI12HP)                        0.12       8.23 r
  U5228/O (ND3HT)                          0.08       8.31 f
  U5893/O (OA12P)                          0.18       8.49 f
  U3060/O (XNR2H)                          0.13       8.62 r
  U5740/O (OAI12HP)                        0.08       8.70 f
  U5907/O (OAI13HT)                        0.20       8.90 r
  U7801/O (ND2S)                           0.05       8.96 f
  wdata_fmap[3] (out)                      0.00       8.96 f
  data arrival time                                   8.96

  clock clk (rise edge)                   10.00      10.00
  clock network delay (ideal)              0.00      10.00
  output external delay                   -3.00       7.00
  data required time                                  7.00
  -----------------------------------------------------------
  data required time                                  7.00
  data arrival time                                  -8.96
  -----------------------------------------------------------
  slack (VIOLATED)                                   -1.96


  Startpoint: n_tile[1] (input port clocked by clk)
  Endpoint: wdata_fmap[2]
            (output port clocked by clk)
  Path Group: clk
  Path Type: max

  Des/Clust/Port     Wire Load Model       Library
  ------------------------------------------------
  requant_lane_NT_DEPTH126
                     enG30K                fsa0m_a_generic_core_tt1p8v25c

  Point                                    Incr       Path
  -----------------------------------------------------------
  clock clk (rise edge)                    0.00       0.00
  clock network delay (ideal)              0.00       0.00
  input external delay                     3.00       3.00 f
  n_tile[1] (in)                           0.00       3.00 f
  U5966/O (NR2F)                           0.12       3.12 r
  U5945/O (NR3HT)                          0.07       3.19 f
  U5964/O (OAI12HT)                        0.07       3.27 r
  U1520/O (ND3HT)                          0.09       3.36 f
  U1519/O (XNR2HT)                         0.13       3.50 f
  U3480/O (NR2F)                           0.13       3.62 r
  U1707/O (INV12)                          0.06       3.68 f
  U1708/O (OR2T)                           0.15       3.83 f
  U7400/O (NR2F)                           0.09       3.92 r
  U2206/O (INV6CK)                         0.07       3.99 f
  U1366/O (INV2)                           0.09       4.07 r
  U3138/O (NR3HT)                          0.08       4.15 f
  U2491/O (ND3HT)                          0.09       4.24 r
  U1443/O (NR2F)                           0.05       4.29 f
  U2378/O (ND3HT)                          0.10       4.39 r
  U3761/O (ND3HT)                          0.06       4.45 f
  U1431/O (ND3HT)                          0.08       4.53 r
  U1430/O (ND3HT)                          0.08       4.61 f
  U4289/O (ND2F)                           0.07       4.68 r
  U1495/O (MOAI1HP)                        0.05       4.72 f
  U1594/O (ND2F)                           0.10       4.82 r
  U1593/O (ND3HT)                          0.06       4.88 f
  U3278/O (ND3HT)                          0.11       4.99 r
  U5850/O (ND3HT)                          0.08       5.07 f
  U4816/O (ND3HT)                          0.08       5.15 r
  U4815/O (BUF12CK)                        0.16       5.32 r
  U5782/O (ND3HT)                          0.06       5.37 f
  U1458/O (ND3HT)                          0.08       5.46 r
  U1472/O (XNR2HP)                         0.12       5.58 r
  U5436/O (INV12)                          0.09       5.68 f
  U4583/O (XNR2HP)                         0.12       5.80 f
  U4226/O (OAI22HP)                        0.13       5.93 r
  U4157/O (OAI12HP)                        0.08       6.01 f
  U4156/O (OAI12HT)                        0.08       6.09 r
  U2600/O (XOR2HT)                         0.11       6.19 r
  U4155/O (XNR2HT)                         0.12       6.32 r
  U3058/O (XNR2HT)                         0.11       6.43 r
  U5251/O (XNR2HT)                         0.11       6.54 r
  U2537/O (XNR2HP)                         0.11       6.65 r
  U3482/O (XNR2HP)                         0.12       6.76 r
  U3481/O (NR2F)                           0.05       6.82 f
  U2786/O (INV6)                           0.07       6.89 r
  U5437/O (AOI12HT)                        0.06       6.95 f
  U3497/O (OAI12HT)                        0.11       7.06 r
  U7558/O (AOI12HT)                        0.05       7.11 f
  U5742/O (OAI12HT)                        0.15       7.25 r
  U5220/O (AOI12HT)                        0.08       7.33 f
  U5221/O (INV12)                          0.08       7.41 r
  U7568/O (INV12)                          0.06       7.47 f
  U5589/O (OAI12HP)                        0.12       7.59 r
  U2658/O (XNR2HP)                         0.12       7.71 r
  U2421/O (ND2F)                           0.06       7.76 f
  U2420/O (ND3HT)                          0.07       7.83 r
  U5000/O (ND3HT)                          0.09       7.93 f
  U3516/O (ND3HT)                          0.10       8.03 r
  U3515/O (ND3HT)                          0.09       8.11 f
  U3529/O (OAI12HP)                        0.12       8.23 r
  U5228/O (ND3HT)                          0.08       8.31 f
  U5893/O (OA12P)                          0.18       8.49 f
  U3060/O (XNR2H)                          0.13       8.62 r
  U5740/O (OAI12HP)                        0.08       8.70 f
  U5907/O (OAI13HT)                        0.20       8.90 r
  U7797/O (ND2S)                           0.05       8.96 f
  wdata_fmap[2] (out)                      0.00       8.96 f
  data arrival time                                   8.96

  clock clk (rise edge)                   10.00      10.00
  clock network delay (ideal)              0.00      10.00
  output external delay                   -3.00       7.00
  data required time                                  7.00
  -----------------------------------------------------------
  data required time                                  7.00
  data arrival time                                  -8.96
  -----------------------------------------------------------
  slack (VIOLATED)                                   -1.96


  Startpoint: n_tile[1] (input port clocked by clk)
  Endpoint: wdata_fmap[1]
            (output port clocked by clk)
  Path Group: clk
  Path Type: max

  Des/Clust/Port     Wire Load Model       Library
  ------------------------------------------------
  requant_lane_NT_DEPTH126
                     enG30K                fsa0m_a_generic_core_tt1p8v25c

  Point                                    Incr       Path
  -----------------------------------------------------------
  clock clk (rise edge)                    0.00       0.00
  clock network delay (ideal)              0.00       0.00
  input external delay                     3.00       3.00 f
  n_tile[1] (in)                           0.00       3.00 f
  U5966/O (NR2F)                           0.12       3.12 r
  U5945/O (NR3HT)                          0.07       3.19 f
  U5964/O (OAI12HT)                        0.07       3.27 r
  U1520/O (ND3HT)                          0.09       3.36 f
  U1519/O (XNR2HT)                         0.13       3.50 f
  U3480/O (NR2F)                           0.13       3.62 r
  U1707/O (INV12)                          0.06       3.68 f
  U1708/O (OR2T)                           0.15       3.83 f
  U7400/O (NR2F)                           0.09       3.92 r
  U2206/O (INV6CK)                         0.07       3.99 f
  U1366/O (INV2)                           0.09       4.07 r
  U3138/O (NR3HT)                          0.08       4.15 f
  U2491/O (ND3HT)                          0.09       4.24 r
  U1443/O (NR2F)                           0.05       4.29 f
  U2378/O (ND3HT)                          0.10       4.39 r
  U3761/O (ND3HT)                          0.06       4.45 f
  U1431/O (ND3HT)                          0.08       4.53 r
  U1430/O (ND3HT)                          0.08       4.61 f
  U4289/O (ND2F)                           0.07       4.68 r
  U1495/O (MOAI1HP)                        0.05       4.72 f
  U1594/O (ND2F)                           0.10       4.82 r
  U1593/O (ND3HT)                          0.06       4.88 f
  U3278/O (ND3HT)                          0.11       4.99 r
  U5850/O (ND3HT)                          0.08       5.07 f
  U4816/O (ND3HT)                          0.08       5.15 r
  U4815/O (BUF12CK)                        0.16       5.32 r
  U5782/O (ND3HT)                          0.06       5.37 f
  U1458/O (ND3HT)                          0.08       5.46 r
  U1472/O (XNR2HP)                         0.12       5.58 r
  U5436/O (INV12)                          0.09       5.68 f
  U4583/O (XNR2HP)                         0.12       5.80 f
  U4226/O (OAI22HP)                        0.13       5.93 r
  U4157/O (OAI12HP)                        0.08       6.01 f
  U4156/O (OAI12HT)                        0.08       6.09 r
  U2600/O (XOR2HT)                         0.11       6.19 r
  U4155/O (XNR2HT)                         0.12       6.32 r
  U3058/O (XNR2HT)                         0.11       6.43 r
  U5251/O (XNR2HT)                         0.11       6.54 r
  U2537/O (XNR2HP)                         0.11       6.65 r
  U3482/O (XNR2HP)                         0.12       6.76 r
  U3481/O (NR2F)                           0.05       6.82 f
  U2786/O (INV6)                           0.07       6.89 r
  U5437/O (AOI12HT)                        0.06       6.95 f
  U3497/O (OAI12HT)                        0.11       7.06 r
  U7558/O (AOI12HT)                        0.05       7.11 f
  U5742/O (OAI12HT)                        0.15       7.25 r
  U5220/O (AOI12HT)                        0.08       7.33 f
  U5221/O (INV12)                          0.08       7.41 r
  U7568/O (INV12)                          0.06       7.47 f
  U5589/O (OAI12HP)                        0.12       7.59 r
  U2658/O (XNR2HP)                         0.12       7.71 r
  U2421/O (ND2F)                           0.06       7.76 f
  U2420/O (ND3HT)                          0.07       7.83 r
  U5000/O (ND3HT)                          0.09       7.93 f
  U3516/O (ND3HT)                          0.10       8.03 r
  U3515/O (ND3HT)                          0.09       8.11 f
  U3529/O (OAI12HP)                        0.12       8.23 r
  U5228/O (ND3HT)                          0.08       8.31 f
  U5893/O (OA12P)                          0.18       8.49 f
  U3060/O (XNR2H)                          0.13       8.62 r
  U5740/O (OAI12HP)                        0.08       8.70 f
  U5907/O (OAI13HT)                        0.20       8.90 r
  U7794/O (ND2S)                           0.05       8.96 f
  wdata_fmap[1] (out)                      0.00       8.96 f
  data arrival time                                   8.96

  clock clk (rise edge)                   10.00      10.00
  clock network delay (ideal)              0.00      10.00
  output external delay                   -3.00       7.00
  data required time                                  7.00
  -----------------------------------------------------------
  data required time                                  7.00
  data arrival time                                  -8.96
  -----------------------------------------------------------
  slack (VIOLATED)                                   -1.96


  Startpoint: n_tile[1] (input port clocked by clk)
  Endpoint: wdata_fmap[0]
            (output port clocked by clk)
  Path Group: clk
  Path Type: max

  Des/Clust/Port     Wire Load Model       Library
  ------------------------------------------------
  requant_lane_NT_DEPTH126
                     enG30K                fsa0m_a_generic_core_tt1p8v25c

  Point                                    Incr       Path
  -----------------------------------------------------------
  clock clk (rise edge)                    0.00       0.00
  clock network delay (ideal)              0.00       0.00
  input external delay                     3.00       3.00 f
  n_tile[1] (in)                           0.00       3.00 f
  U5966/O (NR2F)                           0.12       3.12 r
  U5945/O (NR3HT)                          0.07       3.19 f
  U5964/O (OAI12HT)                        0.07       3.27 r
  U1520/O (ND3HT)                          0.09       3.36 f
  U1519/O (XNR2HT)                         0.13       3.50 f
  U3480/O (NR2F)                           0.13       3.62 r
  U1707/O (INV12)                          0.06       3.68 f
  U1708/O (OR2T)                           0.15       3.83 f
  U7400/O (NR2F)                           0.09       3.92 r
  U2206/O (INV6CK)                         0.07       3.99 f
  U1366/O (INV2)                           0.09       4.07 r
  U3138/O (NR3HT)                          0.08       4.15 f
  U2491/O (ND3HT)                          0.09       4.24 r
  U1443/O (NR2F)                           0.05       4.29 f
  U2378/O (ND3HT)                          0.10       4.39 r
  U3761/O (ND3HT)                          0.06       4.45 f
  U1431/O (ND3HT)                          0.08       4.53 r
  U1430/O (ND3HT)                          0.08       4.61 f
  U4289/O (ND2F)                           0.07       4.68 r
  U1495/O (MOAI1HP)                        0.05       4.72 f
  U1594/O (ND2F)                           0.10       4.82 r
  U1593/O (ND3HT)                          0.06       4.88 f
  U3278/O (ND3HT)                          0.11       4.99 r
  U5850/O (ND3HT)                          0.08       5.07 f
  U4816/O (ND3HT)                          0.08       5.15 r
  U4815/O (BUF12CK)                        0.16       5.32 r
  U5782/O (ND3HT)                          0.06       5.37 f
  U1458/O (ND3HT)                          0.08       5.46 r
  U1472/O (XNR2HP)                         0.12       5.58 r
  U5436/O (INV12)                          0.09       5.68 f
  U4583/O (XNR2HP)                         0.12       5.80 f
  U4226/O (OAI22HP)                        0.13       5.93 r
  U4157/O (OAI12HP)                        0.08       6.01 f
  U4156/O (OAI12HT)                        0.08       6.09 r
  U2600/O (XOR2HT)                         0.11       6.19 r
  U4155/O (XNR2HT)                         0.12       6.32 r
  U3058/O (XNR2HT)                         0.11       6.43 r
  U5251/O (XNR2HT)                         0.11       6.54 r
  U2537/O (XNR2HP)                         0.11       6.65 r
  U3482/O (XNR2HP)                         0.12       6.76 r
  U3481/O (NR2F)                           0.05       6.82 f
  U2786/O (INV6)                           0.07       6.89 r
  U5437/O (AOI12HT)                        0.06       6.95 f
  U3497/O (OAI12HT)                        0.11       7.06 r
  U7558/O (AOI12HT)                        0.05       7.11 f
  U5742/O (OAI12HT)                        0.15       7.25 r
  U5220/O (AOI12HT)                        0.08       7.33 f
  U5221/O (INV12)                          0.08       7.41 r
  U7568/O (INV12)                          0.06       7.47 f
  U5589/O (OAI12HP)                        0.12       7.59 r
  U2658/O (XNR2HP)                         0.12       7.71 r
  U2421/O (ND2F)                           0.06       7.76 f
  U2420/O (ND3HT)                          0.07       7.83 r
  U5000/O (ND3HT)                          0.09       7.93 f
  U3516/O (ND3HT)                          0.10       8.03 r
  U3515/O (ND3HT)                          0.09       8.11 f
  U3529/O (OAI12HP)                        0.12       8.23 r
  U5228/O (ND3HT)                          0.08       8.31 f
  U5893/O (OA12P)                          0.18       8.49 f
  U3060/O (XNR2H)                          0.13       8.62 r
  U5740/O (OAI12HP)                        0.08       8.70 f
  U5907/O (OAI13HT)                        0.20       8.90 r
  U7792/O (ND2S)                           0.05       8.96 f
  wdata_fmap[0] (out)                      0.00       8.96 f
  data arrival time                                   8.96

  clock clk (rise edge)                   10.00      10.00
  clock network delay (ideal)              0.00      10.00
  output external delay                   -3.00       7.00
  data required time                                  7.00
  -----------------------------------------------------------
  data required time                                  7.00
  data arrival time                                  -8.96
  -----------------------------------------------------------
  slack (VIOLATED)                                   -1.96


1
