 
****************************************
Report : constraint
        -all_violators
Design : requant_lane_NT_DEPTH126
Version: S-2021.06-SP2
Date   : Wed Sep 23 04:05:15 2026
****************************************


   max_delay/setup ('clk' group)

                             Required        Actual
   Endpoint                 Path Delay     Path Delay        Slack
   -----------------------------------------------------------------
   wdata_fmap[0]                7.00           8.96 f        -1.96  (VIOLATED)
   wdata_fmap[1]                7.00           8.96 f        -1.96  (VIOLATED)
   wdata_fmap[2]                7.00           8.96 f        -1.96  (VIOLATED)
   wdata_fmap[3]                7.00           8.96 f        -1.96  (VIOLATED)
   wdata_fmap[4]                7.00           8.96 f        -1.96  (VIOLATED)
   wdata_fmap[5]                7.00           8.96 f        -1.96  (VIOLATED)
   wdata_fmap[6]                7.00           8.96 f        -1.96  (VIOLATED)
   wdata_fmap[7]                7.00           8.96 f        -1.96  (VIOLATED)
   raddr_psum[0]                7.00           7.78 r        -0.78  (VIOLATED)
   raddr_psum[1]                7.00           7.78 r        -0.78  (VIOLATED)
   raddr_psum[2]                7.00           7.78 r        -0.78  (VIOLATED)
   raddr_psum[3]                7.00           7.78 r        -0.78  (VIOLATED)
   raddr_psum[4]                7.00           7.78 r        -0.78  (VIOLATED)
   raddr_psum[5]                7.00           7.78 r        -0.78  (VIOLATED)
   raddr_psum[6]                7.00           7.78 r        -0.78  (VIOLATED)
   raddr_psum[7]                7.00           7.78 r        -0.78  (VIOLATED)
   raddr_psum[8]                7.00           7.78 r        -0.78  (VIOLATED)
   raddr_psum[9]                7.00           7.78 r        -0.78  (VIOLATED)
   raddr_psum[10]               7.00           7.78 r        -0.78  (VIOLATED)
   raddr_psum[11]               7.00           7.78 r        -0.78  (VIOLATED)
   raddr_psum[12]               7.00           7.78 r        -0.78  (VIOLATED)
   raddr_psum[13]               7.00           7.78 r        -0.78  (VIOLATED)
   raddr_psum[14]               7.00           7.78 r        -0.78  (VIOLATED)
   raddr_psum[15]               7.00           7.78 r        -0.78  (VIOLATED)
   raddr_psum[16]               7.00           7.78 r        -0.78  (VIOLATED)
   raddr_psum[17]               7.00           7.78 r        -0.78  (VIOLATED)
   raddr_psum[18]               7.00           7.78 r        -0.78  (VIOLATED)
   raddr_psum[19]               7.00           7.78 r        -0.78  (VIOLATED)
   we_fmap_dup                  7.00           7.78 r        -0.78  (VIOLATED)
   we_fmap                      7.00           7.61 r        -0.61  (VIOLATED)
   we_psum                      7.00           7.57 r        -0.57  (VIOLATED)
   wdata_psum[31]               7.00           7.35 r        -0.35  (VIOLATED)
   wdata_psum[30]               7.00           7.19 f        -0.19  (VIOLATED)
   wdata_psum[29]               7.00           7.04 f        -0.04  (VIOLATED)


   max_leakage_power

                             Required        Actual
   Design                   Leakage Power  Leakage Power     Slack
   -----------------------------------------------------------------
   requant_lane_NT_DEPTH126     0.00       959778.19      -959778.19
                                                                    (VIOLATED)


1
