 
****************************************
Report : area
Design : weight_bank
Version: S-2021.06-SP2
Date   : Wed Sep 23 03:59:17 2026
****************************************

Information: Updating design information... (UID-85)
Library(s) Used:

    fsa0m_a_generic_core_tt1p8v25c (File: /usr/cad/PDK/CBDK018_UMC_Faraday_v1.1/orig_lib/fsa0m_a/2009Q2v2.0/GENERIC_CORE/FrontEnd/synopsys/fsa0m_a_generic_core_tt1p8v25c.db)
    SJMA180_19968X8X1BM8_TC (File: /home/dtrain6/workshop/squeezenet/syn/macros/SJMA180_19968X8X1BM8_TC.db)

Number of ports:                           59
Number of nets:                           121
Number of cells:                           56
Number of combinational cells:             53
Number of sequential cells:                 1
Number of macros/black boxes:               2
Number of buf/inv:                          5
Number of references:                      16

Combinational area:                809.323199
Buf/Inv area:                       31.248000
Noncombinational area:              53.121601
Macro/Black Box area:          4162823.250000
Net Interconnect area:      undefined  (Wire load has zero net area)

Total cell area:               4163685.694800
Total area:                 undefined
1
