 
****************************************
Report : timing
        -path full
        -delay max
        -max_paths 5
Design : pe_array
Version: S-2021.06-SP2
Date   : Wed Sep 23 04:18:15 2026
****************************************

 # A fanout number of 1000 was used for high fanout net computations.

Operating Conditions: TCCOM   Library: fsa0m_a_generic_core_tt1p8v25c
Wire Load Model Mode: enclosed

  Startpoint: gen_row[3].gen_col[1].u_pe/act_out_reg[1]
              (rising edge-triggered flip-flop clocked by clk)
  Endpoint: gen_row[3].gen_col[2].u_pe/psum_out_reg[31]
            (rising edge-triggered flip-flop clocked by clk)
  Path Group: clk
  Path Type: max

  Des/Clust/Port     Wire Load Model       Library
  ------------------------------------------------
  pe_array           enG2000K              fsa0m_a_generic_core_tt1p8v25c
  pe_925             enG5K                 fsa0m_a_generic_core_tt1p8v25c

  Point                                                   Incr       Path
  --------------------------------------------------------------------------
  clock clk (rise edge)                                   0.00       0.00
  clock network delay (ideal)                             0.00       0.00
  gen_row[3].gen_col[1].u_pe/act_out_reg[1]/CK (QDFFRBN)
                                                          0.00 #     0.00 r
  gen_row[3].gen_col[1].u_pe/act_out_reg[1]/Q (QDFFRBN)
                                                          0.88       0.88 r
  gen_row[3].gen_col[1].u_pe/act_out[1] (pe_926)          0.00       0.88 r
  gen_row[3].gen_col[2].u_pe/act_in[1] (pe_925)           0.00       0.88 r
  gen_row[3].gen_col[2].u_pe/U157/O (MOAI1S)              0.13       1.01 f
  gen_row[3].gen_col[2].u_pe/U158/O (OAI22S)              0.23       1.24 r
  gen_row[3].gen_col[2].u_pe/U9/S (HA1)                   0.18       1.42 f
  gen_row[3].gen_col[2].u_pe/U178/CO (FA1S)               0.28       1.70 f
  gen_row[3].gen_col[2].u_pe/U177/CO (FA1S)               0.29       1.99 f
  gen_row[3].gen_col[2].u_pe/U176/CO (FA1S)               0.29       2.28 f
  gen_row[3].gen_col[2].u_pe/U4/CO (FA1S)                 0.30       2.58 f
  gen_row[3].gen_col[2].u_pe/U183/CO (FA1)                0.23       2.81 f
  gen_row[3].gen_col[2].u_pe/U175/CO (FA1S)               0.28       3.09 f
  gen_row[3].gen_col[2].u_pe/U174/CO (FA1S)               0.29       3.38 f
  gen_row[3].gen_col[2].u_pe/U173/CO (FA1S)               0.29       3.67 f
  gen_row[3].gen_col[2].u_pe/U172/CO (FA1S)               0.29       3.96 f
  gen_row[3].gen_col[2].u_pe/U171/CO (FA1S)               0.29       4.26 f
  gen_row[3].gen_col[2].u_pe/U170/CO (FA1S)               0.30       4.56 f
  gen_row[3].gen_col[2].u_pe/U184/CO (FA1)                0.23       4.79 f
  gen_row[3].gen_col[2].u_pe/U185/CO (FA1)                0.21       5.00 f
  gen_row[3].gen_col[2].u_pe/U169/CO (FA1S)               0.28       5.28 f
  gen_row[3].gen_col[2].u_pe/U168/CO (FA1S)               0.30       5.58 f
  gen_row[3].gen_col[2].u_pe/U193/CO (FA1)                0.23       5.81 f
  gen_row[3].gen_col[2].u_pe/U194/CO (FA1)                0.21       6.03 f
  gen_row[3].gen_col[2].u_pe/U167/CO (FA1S)               0.28       6.30 f
  gen_row[3].gen_col[2].u_pe/U166/CO (FA1S)               0.30       6.60 f
  gen_row[3].gen_col[2].u_pe/U191/CO (FA1)                0.23       6.84 f
  gen_row[3].gen_col[2].u_pe/U192/CO (FA1)                0.22       7.05 f
  gen_row[3].gen_col[2].u_pe/U181/CO (FA1)                0.22       7.27 f
  gen_row[3].gen_col[2].u_pe/U182/CO (FA1)                0.21       7.48 f
  gen_row[3].gen_col[2].u_pe/U165/CO (FA1S)               0.28       7.76 f
  gen_row[3].gen_col[2].u_pe/U164/CO (FA1S)               0.29       8.05 f
  gen_row[3].gen_col[2].u_pe/U163/CO (FA1S)               0.29       8.35 f
  gen_row[3].gen_col[2].u_pe/U162/CO (FA1S)               0.29       8.64 f
  gen_row[3].gen_col[2].u_pe/U180/CO (FA1S)               0.29       8.93 f
  gen_row[3].gen_col[2].u_pe/U187/CO (FA1S)               0.30       9.23 f
  gen_row[3].gen_col[2].u_pe/U188/CO (FA1)                0.23       9.46 f
  gen_row[3].gen_col[2].u_pe/U189/O (MOAI1S)              0.19       9.65 f
  gen_row[3].gen_col[2].u_pe/U190/O (MOAI1S)              0.24       9.89 r
  gen_row[3].gen_col[2].u_pe/psum_out_reg[31]/D (QDFFRBN)
                                                          0.00       9.89 r
  data arrival time                                                  9.89

  clock clk (rise edge)                                  10.00      10.00
  clock network delay (ideal)                             0.00      10.00
  gen_row[3].gen_col[2].u_pe/psum_out_reg[31]/CK (QDFFRBN)
                                                          0.00      10.00 r
  library setup time                                     -0.11       9.89
  data required time                                                 9.89
  --------------------------------------------------------------------------
  data required time                                                 9.89
  data arrival time                                                 -9.89
  --------------------------------------------------------------------------
  slack (MET)                                                        0.00


  Startpoint: gen_row[3].gen_col[5].u_pe/act_out_reg[1]
              (rising edge-triggered flip-flop clocked by clk)
  Endpoint: gen_row[3].gen_col[6].u_pe/psum_out_reg[31]
            (rising edge-triggered flip-flop clocked by clk)
  Path Group: clk
  Path Type: max

  Des/Clust/Port     Wire Load Model       Library
  ------------------------------------------------
  pe_array           enG2000K              fsa0m_a_generic_core_tt1p8v25c
  pe_921             enG5K                 fsa0m_a_generic_core_tt1p8v25c

  Point                                                   Incr       Path
  --------------------------------------------------------------------------
  clock clk (rise edge)                                   0.00       0.00
  clock network delay (ideal)                             0.00       0.00
  gen_row[3].gen_col[5].u_pe/act_out_reg[1]/CK (QDFFRBN)
                                                          0.00 #     0.00 r
  gen_row[3].gen_col[5].u_pe/act_out_reg[1]/Q (QDFFRBN)
                                                          0.88       0.88 r
  gen_row[3].gen_col[5].u_pe/act_out[1] (pe_922)          0.00       0.88 r
  gen_row[3].gen_col[6].u_pe/act_in[1] (pe_921)           0.00       0.88 r
  gen_row[3].gen_col[6].u_pe/U157/O (MOAI1S)              0.13       1.01 f
  gen_row[3].gen_col[6].u_pe/U158/O (OAI22S)              0.23       1.24 r
  gen_row[3].gen_col[6].u_pe/U8/S (HA1)                   0.18       1.42 f
  gen_row[3].gen_col[6].u_pe/U178/CO (FA1S)               0.28       1.70 f
  gen_row[3].gen_col[6].u_pe/U177/CO (FA1S)               0.29       1.99 f
  gen_row[3].gen_col[6].u_pe/U176/CO (FA1S)               0.29       2.28 f
  gen_row[3].gen_col[6].u_pe/U3/CO (FA1S)                 0.30       2.58 f
  gen_row[3].gen_col[6].u_pe/U183/CO (FA1)                0.23       2.81 f
  gen_row[3].gen_col[6].u_pe/U175/CO (FA1S)               0.28       3.09 f
  gen_row[3].gen_col[6].u_pe/U174/CO (FA1S)               0.29       3.38 f
  gen_row[3].gen_col[6].u_pe/U173/CO (FA1S)               0.29       3.67 f
  gen_row[3].gen_col[6].u_pe/U172/CO (FA1S)               0.29       3.96 f
  gen_row[3].gen_col[6].u_pe/U171/CO (FA1S)               0.29       4.26 f
  gen_row[3].gen_col[6].u_pe/U170/CO (FA1S)               0.30       4.56 f
  gen_row[3].gen_col[6].u_pe/U184/CO (FA1)                0.23       4.79 f
  gen_row[3].gen_col[6].u_pe/U185/CO (FA1)                0.21       5.00 f
  gen_row[3].gen_col[6].u_pe/U169/CO (FA1S)               0.28       5.28 f
  gen_row[3].gen_col[6].u_pe/U168/CO (FA1S)               0.30       5.58 f
  gen_row[3].gen_col[6].u_pe/U193/CO (FA1)                0.23       5.81 f
  gen_row[3].gen_col[6].u_pe/U194/CO (FA1)                0.21       6.03 f
  gen_row[3].gen_col[6].u_pe/U167/CO (FA1S)               0.28       6.30 f
  gen_row[3].gen_col[6].u_pe/U166/CO (FA1S)               0.30       6.60 f
  gen_row[3].gen_col[6].u_pe/U191/CO (FA1)                0.23       6.84 f
  gen_row[3].gen_col[6].u_pe/U192/CO (FA1)                0.22       7.05 f
  gen_row[3].gen_col[6].u_pe/U181/CO (FA1)                0.22       7.27 f
  gen_row[3].gen_col[6].u_pe/U182/CO (FA1)                0.21       7.48 f
  gen_row[3].gen_col[6].u_pe/U165/CO (FA1S)               0.28       7.76 f
  gen_row[3].gen_col[6].u_pe/U164/CO (FA1S)               0.29       8.05 f
  gen_row[3].gen_col[6].u_pe/U163/CO (FA1S)               0.29       8.35 f
  gen_row[3].gen_col[6].u_pe/U162/CO (FA1S)               0.29       8.64 f
  gen_row[3].gen_col[6].u_pe/U180/CO (FA1S)               0.29       8.93 f
  gen_row[3].gen_col[6].u_pe/U187/CO (FA1S)               0.30       9.23 f
  gen_row[3].gen_col[6].u_pe/U188/CO (FA1)                0.23       9.46 f
  gen_row[3].gen_col[6].u_pe/U189/O (MOAI1S)              0.19       9.65 f
  gen_row[3].gen_col[6].u_pe/U190/O (MOAI1S)              0.24       9.89 r
  gen_row[3].gen_col[6].u_pe/psum_out_reg[31]/D (QDFFRBN)
                                                          0.00       9.89 r
  data arrival time                                                  9.89

  clock clk (rise edge)                                  10.00      10.00
  clock network delay (ideal)                             0.00      10.00
  gen_row[3].gen_col[6].u_pe/psum_out_reg[31]/CK (QDFFRBN)
                                                          0.00      10.00 r
  library setup time                                     -0.11       9.89
  data required time                                                 9.89
  --------------------------------------------------------------------------
  data required time                                                 9.89
  data arrival time                                                 -9.89
  --------------------------------------------------------------------------
  slack (MET)                                                        0.00


  Startpoint: gen_row[3].gen_col[9].u_pe/act_out_reg[1]
              (rising edge-triggered flip-flop clocked by clk)
  Endpoint: gen_row[3].gen_col[10].u_pe/psum_out_reg[31]
            (rising edge-triggered flip-flop clocked by clk)
  Path Group: clk
  Path Type: max

  Des/Clust/Port     Wire Load Model       Library
  ------------------------------------------------
  pe_array           enG2000K              fsa0m_a_generic_core_tt1p8v25c
  pe_917             enG5K                 fsa0m_a_generic_core_tt1p8v25c

  Point                                                   Incr       Path
  --------------------------------------------------------------------------
  clock clk (rise edge)                                   0.00       0.00
  clock network delay (ideal)                             0.00       0.00
  gen_row[3].gen_col[9].u_pe/act_out_reg[1]/CK (QDFFRBN)
                                                          0.00 #     0.00 r
  gen_row[3].gen_col[9].u_pe/act_out_reg[1]/Q (QDFFRBN)
                                                          0.88       0.88 r
  gen_row[3].gen_col[9].u_pe/act_out[1] (pe_918)          0.00       0.88 r
  gen_row[3].gen_col[10].u_pe/act_in[1] (pe_917)          0.00       0.88 r
  gen_row[3].gen_col[10].u_pe/U157/O (MOAI1S)             0.13       1.01 f
  gen_row[3].gen_col[10].u_pe/U158/O (OAI22S)             0.23       1.24 r
  gen_row[3].gen_col[10].u_pe/U9/S (HA1)                  0.18       1.42 f
  gen_row[3].gen_col[10].u_pe/U178/CO (FA1S)              0.28       1.70 f
  gen_row[3].gen_col[10].u_pe/U177/CO (FA1S)              0.29       1.99 f
  gen_row[3].gen_col[10].u_pe/U176/CO (FA1S)              0.29       2.28 f
  gen_row[3].gen_col[10].u_pe/U3/CO (FA1S)                0.30       2.58 f
  gen_row[3].gen_col[10].u_pe/U183/CO (FA1)               0.23       2.81 f
  gen_row[3].gen_col[10].u_pe/U175/CO (FA1S)              0.28       3.09 f
  gen_row[3].gen_col[10].u_pe/U174/CO (FA1S)              0.29       3.38 f
  gen_row[3].gen_col[10].u_pe/U173/CO (FA1S)              0.29       3.67 f
  gen_row[3].gen_col[10].u_pe/U172/CO (FA1S)              0.29       3.96 f
  gen_row[3].gen_col[10].u_pe/U171/CO (FA1S)              0.29       4.26 f
  gen_row[3].gen_col[10].u_pe/U170/CO (FA1S)              0.30       4.56 f
  gen_row[3].gen_col[10].u_pe/U184/CO (FA1)               0.23       4.79 f
  gen_row[3].gen_col[10].u_pe/U185/CO (FA1)               0.21       5.00 f
  gen_row[3].gen_col[10].u_pe/U169/CO (FA1S)              0.28       5.28 f
  gen_row[3].gen_col[10].u_pe/U168/CO (FA1S)              0.30       5.58 f
  gen_row[3].gen_col[10].u_pe/U193/CO (FA1)               0.23       5.81 f
  gen_row[3].gen_col[10].u_pe/U194/CO (FA1)               0.21       6.03 f
  gen_row[3].gen_col[10].u_pe/U167/CO (FA1S)              0.28       6.30 f
  gen_row[3].gen_col[10].u_pe/U166/CO (FA1S)              0.30       6.60 f
  gen_row[3].gen_col[10].u_pe/U191/CO (FA1)               0.23       6.84 f
  gen_row[3].gen_col[10].u_pe/U192/CO (FA1)               0.22       7.05 f
  gen_row[3].gen_col[10].u_pe/U181/CO (FA1)               0.22       7.27 f
  gen_row[3].gen_col[10].u_pe/U182/CO (FA1)               0.21       7.48 f
  gen_row[3].gen_col[10].u_pe/U165/CO (FA1S)              0.28       7.76 f
  gen_row[3].gen_col[10].u_pe/U164/CO (FA1S)              0.29       8.05 f
  gen_row[3].gen_col[10].u_pe/U163/CO (FA1S)              0.29       8.35 f
  gen_row[3].gen_col[10].u_pe/U162/CO (FA1S)              0.29       8.64 f
  gen_row[3].gen_col[10].u_pe/U180/CO (FA1S)              0.29       8.93 f
  gen_row[3].gen_col[10].u_pe/U187/CO (FA1S)              0.30       9.23 f
  gen_row[3].gen_col[10].u_pe/U188/CO (FA1)               0.23       9.46 f
  gen_row[3].gen_col[10].u_pe/U189/O (MOAI1S)             0.19       9.65 f
  gen_row[3].gen_col[10].u_pe/U190/O (MOAI1S)             0.24       9.89 r
  gen_row[3].gen_col[10].u_pe/psum_out_reg[31]/D (QDFFRBN)
                                                          0.00       9.89 r
  data arrival time                                                  9.89

  clock clk (rise edge)                                  10.00      10.00
  clock network delay (ideal)                             0.00      10.00
  gen_row[3].gen_col[10].u_pe/psum_out_reg[31]/CK (QDFFRBN)
                                                          0.00      10.00 r
  library setup time                                     -0.11       9.89
  data required time                                                 9.89
  --------------------------------------------------------------------------
  data required time                                                 9.89
  data arrival time                                                 -9.89
  --------------------------------------------------------------------------
  slack (MET)                                                        0.00


  Startpoint: gen_row[3].gen_col[17].u_pe/act_out_reg[1]
              (rising edge-triggered flip-flop clocked by clk)
  Endpoint: gen_row[3].gen_col[18].u_pe/psum_out_reg[31]
            (rising edge-triggered flip-flop clocked by clk)
  Path Group: clk
  Path Type: max

  Des/Clust/Port     Wire Load Model       Library
  ------------------------------------------------
  pe_array           enG2000K              fsa0m_a_generic_core_tt1p8v25c
  pe_909             enG5K                 fsa0m_a_generic_core_tt1p8v25c

  Point                                                   Incr       Path
  --------------------------------------------------------------------------
  clock clk (rise edge)                                   0.00       0.00
  clock network delay (ideal)                             0.00       0.00
  gen_row[3].gen_col[17].u_pe/act_out_reg[1]/CK (QDFFRBN)
                                                          0.00 #     0.00 r
  gen_row[3].gen_col[17].u_pe/act_out_reg[1]/Q (QDFFRBN)
                                                          0.88       0.88 r
  gen_row[3].gen_col[17].u_pe/act_out[1] (pe_910)         0.00       0.88 r
  gen_row[3].gen_col[18].u_pe/act_in[1] (pe_909)          0.00       0.88 r
  gen_row[3].gen_col[18].u_pe/U157/O (MOAI1S)             0.13       1.01 f
  gen_row[3].gen_col[18].u_pe/U158/O (OAI22S)             0.23       1.24 r
  gen_row[3].gen_col[18].u_pe/U8/S (HA1)                  0.18       1.42 f
  gen_row[3].gen_col[18].u_pe/U178/CO (FA1S)              0.28       1.70 f
  gen_row[3].gen_col[18].u_pe/U177/CO (FA1S)              0.29       1.99 f
  gen_row[3].gen_col[18].u_pe/U176/CO (FA1S)              0.29       2.28 f
  gen_row[3].gen_col[18].u_pe/U3/CO (FA1S)                0.30       2.58 f
  gen_row[3].gen_col[18].u_pe/U183/CO (FA1)               0.23       2.81 f
  gen_row[3].gen_col[18].u_pe/U175/CO (FA1S)              0.28       3.09 f
  gen_row[3].gen_col[18].u_pe/U174/CO (FA1S)              0.29       3.38 f
  gen_row[3].gen_col[18].u_pe/U173/CO (FA1S)              0.29       3.67 f
  gen_row[3].gen_col[18].u_pe/U172/CO (FA1S)              0.29       3.96 f
  gen_row[3].gen_col[18].u_pe/U171/CO (FA1S)              0.29       4.26 f
  gen_row[3].gen_col[18].u_pe/U170/CO (FA1S)              0.30       4.56 f
  gen_row[3].gen_col[18].u_pe/U184/CO (FA1)               0.23       4.79 f
  gen_row[3].gen_col[18].u_pe/U185/CO (FA1)               0.21       5.00 f
  gen_row[3].gen_col[18].u_pe/U169/CO (FA1S)              0.28       5.28 f
  gen_row[3].gen_col[18].u_pe/U168/CO (FA1S)              0.30       5.58 f
  gen_row[3].gen_col[18].u_pe/U193/CO (FA1)               0.23       5.81 f
  gen_row[3].gen_col[18].u_pe/U194/CO (FA1)               0.21       6.03 f
  gen_row[3].gen_col[18].u_pe/U167/CO (FA1S)              0.28       6.30 f
  gen_row[3].gen_col[18].u_pe/U166/CO (FA1S)              0.30       6.60 f
  gen_row[3].gen_col[18].u_pe/U191/CO (FA1)               0.23       6.84 f
  gen_row[3].gen_col[18].u_pe/U192/CO (FA1)               0.22       7.05 f
  gen_row[3].gen_col[18].u_pe/U181/CO (FA1)               0.22       7.27 f
  gen_row[3].gen_col[18].u_pe/U182/CO (FA1)               0.21       7.48 f
  gen_row[3].gen_col[18].u_pe/U165/CO (FA1S)              0.28       7.76 f
  gen_row[3].gen_col[18].u_pe/U164/CO (FA1S)              0.29       8.05 f
  gen_row[3].gen_col[18].u_pe/U163/CO (FA1S)              0.29       8.35 f
  gen_row[3].gen_col[18].u_pe/U162/CO (FA1S)              0.29       8.64 f
  gen_row[3].gen_col[18].u_pe/U180/CO (FA1S)              0.29       8.93 f
  gen_row[3].gen_col[18].u_pe/U187/CO (FA1S)              0.30       9.23 f
  gen_row[3].gen_col[18].u_pe/U188/CO (FA1)               0.23       9.46 f
  gen_row[3].gen_col[18].u_pe/U189/O (MOAI1S)             0.19       9.65 f
  gen_row[3].gen_col[18].u_pe/U190/O (MOAI1S)             0.24       9.89 r
  gen_row[3].gen_col[18].u_pe/psum_out_reg[31]/D (QDFFRBN)
                                                          0.00       9.89 r
  data arrival time                                                  9.89

  clock clk (rise edge)                                  10.00      10.00
  clock network delay (ideal)                             0.00      10.00
  gen_row[3].gen_col[18].u_pe/psum_out_reg[31]/CK (QDFFRBN)
                                                          0.00      10.00 r
  library setup time                                     -0.11       9.89
  data required time                                                 9.89
  --------------------------------------------------------------------------
  data required time                                                 9.89
  data arrival time                                                 -9.89
  --------------------------------------------------------------------------
  slack (MET)                                                        0.00


  Startpoint: gen_row[3].gen_col[21].u_pe/act_out_reg[1]
              (rising edge-triggered flip-flop clocked by clk)
  Endpoint: gen_row[3].gen_col[22].u_pe/psum_out_reg[31]
            (rising edge-triggered flip-flop clocked by clk)
  Path Group: clk
  Path Type: max

  Des/Clust/Port     Wire Load Model       Library
  ------------------------------------------------
  pe_array           enG2000K              fsa0m_a_generic_core_tt1p8v25c
  pe_905             enG5K                 fsa0m_a_generic_core_tt1p8v25c

  Point                                                   Incr       Path
  --------------------------------------------------------------------------
  clock clk (rise edge)                                   0.00       0.00
  clock network delay (ideal)                             0.00       0.00
  gen_row[3].gen_col[21].u_pe/act_out_reg[1]/CK (QDFFRBN)
                                                          0.00 #     0.00 r
  gen_row[3].gen_col[21].u_pe/act_out_reg[1]/Q (QDFFRBN)
                                                          0.88       0.88 r
  gen_row[3].gen_col[21].u_pe/act_out[1] (pe_906)         0.00       0.88 r
  gen_row[3].gen_col[22].u_pe/act_in[1] (pe_905)          0.00       0.88 r
  gen_row[3].gen_col[22].u_pe/U157/O (MOAI1S)             0.13       1.01 f
  gen_row[3].gen_col[22].u_pe/U158/O (OAI22S)             0.23       1.24 r
  gen_row[3].gen_col[22].u_pe/U9/S (HA1)                  0.18       1.42 f
  gen_row[3].gen_col[22].u_pe/U178/CO (FA1S)              0.28       1.70 f
  gen_row[3].gen_col[22].u_pe/U177/CO (FA1S)              0.29       1.99 f
  gen_row[3].gen_col[22].u_pe/U176/CO (FA1S)              0.29       2.28 f
  gen_row[3].gen_col[22].u_pe/U3/CO (FA1S)                0.30       2.58 f
  gen_row[3].gen_col[22].u_pe/U183/CO (FA1)               0.23       2.81 f
  gen_row[3].gen_col[22].u_pe/U175/CO (FA1S)              0.28       3.09 f
  gen_row[3].gen_col[22].u_pe/U174/CO (FA1S)              0.29       3.38 f
  gen_row[3].gen_col[22].u_pe/U173/CO (FA1S)              0.29       3.67 f
  gen_row[3].gen_col[22].u_pe/U172/CO (FA1S)              0.29       3.96 f
  gen_row[3].gen_col[22].u_pe/U171/CO (FA1S)              0.29       4.26 f
  gen_row[3].gen_col[22].u_pe/U170/CO (FA1S)              0.30       4.56 f
  gen_row[3].gen_col[22].u_pe/U184/CO (FA1)               0.23       4.79 f
  gen_row[3].gen_col[22].u_pe/U185/CO (FA1)               0.21       5.00 f
  gen_row[3].gen_col[22].u_pe/U169/CO (FA1S)              0.28       5.28 f
  gen_row[3].gen_col[22].u_pe/U168/CO (FA1S)              0.30       5.58 f
  gen_row[3].gen_col[22].u_pe/U193/CO (FA1)               0.23       5.81 f
  gen_row[3].gen_col[22].u_pe/U194/CO (FA1)               0.21       6.03 f
  gen_row[3].gen_col[22].u_pe/U167/CO (FA1S)              0.28       6.30 f
  gen_row[3].gen_col[22].u_pe/U166/CO (FA1S)              0.30       6.60 f
  gen_row[3].gen_col[22].u_pe/U191/CO (FA1)               0.23       6.84 f
  gen_row[3].gen_col[22].u_pe/U192/CO (FA1)               0.22       7.05 f
  gen_row[3].gen_col[22].u_pe/U181/CO (FA1)               0.22       7.27 f
  gen_row[3].gen_col[22].u_pe/U182/CO (FA1)               0.21       7.48 f
  gen_row[3].gen_col[22].u_pe/U165/CO (FA1S)              0.28       7.76 f
  gen_row[3].gen_col[22].u_pe/U164/CO (FA1S)              0.29       8.05 f
  gen_row[3].gen_col[22].u_pe/U163/CO (FA1S)              0.29       8.35 f
  gen_row[3].gen_col[22].u_pe/U162/CO (FA1S)              0.29       8.64 f
  gen_row[3].gen_col[22].u_pe/U180/CO (FA1S)              0.29       8.93 f
  gen_row[3].gen_col[22].u_pe/U187/CO (FA1S)              0.30       9.23 f
  gen_row[3].gen_col[22].u_pe/U188/CO (FA1)               0.23       9.46 f
  gen_row[3].gen_col[22].u_pe/U189/O (MOAI1S)             0.19       9.65 f
  gen_row[3].gen_col[22].u_pe/U190/O (MOAI1S)             0.24       9.89 r
  gen_row[3].gen_col[22].u_pe/psum_out_reg[31]/D (QDFFRBN)
                                                          0.00       9.89 r
  data arrival time                                                  9.89

  clock clk (rise edge)                                  10.00      10.00
  clock network delay (ideal)                             0.00      10.00
  gen_row[3].gen_col[22].u_pe/psum_out_reg[31]/CK (QDFFRBN)
                                                          0.00      10.00 r
  library setup time                                     -0.11       9.89
  data required time                                                 9.89
  --------------------------------------------------------------------------
  data required time                                                 9.89
  data arrival time                                                 -9.89
  --------------------------------------------------------------------------
  slack (MET)                                                        0.00


1
